<?xml version="1.0" encoding="ISO-8859-1" ?>
<link_info>
   <banner>TI ARM Linker PC v18.1.3.LTS</banner>
   <copyright>Copyright (c) 1996-2017 Texas Instruments Incorporated</copyright>
   <link_time>0x5c05f9f4</link_time>
   <link_errors>0x0</link_errors>
   <output_file>UART_Project.out</output_file>
   <entry_point>
      <name>_c_int00_noargs</name>
      <address>0xa1d</address>
   </entry_point>
   <input_file_list>
      <input_file id="fl-2">
         <path>.\</path>
         <kind>object</kind>
         <file>COMMONCLOCKS.obj</file>
         <name>COMMONCLOCKS.obj</name>
      </input_file>
      <input_file id="fl-3">
         <path>.\</path>
         <kind>object</kind>
         <file>CS_Driver.obj</file>
         <name>CS_Driver.obj</name>
      </input_file>
      <input_file id="fl-4">
         <path>.\</path>
         <kind>object</kind>
         <file>ClockSystem.obj</file>
         <name>ClockSystem.obj</name>
      </input_file>
      <input_file id="fl-5">
         <path>.\</path>
         <kind>object</kind>
         <file>KEYPAD.obj</file>
         <name>KEYPAD.obj</name>
      </input_file>
      <input_file id="fl-6">
         <path>.\</path>
         <kind>object</kind>
         <file>MSPIO.obj</file>
         <name>MSPIO.obj</name>
      </input_file>
      <input_file id="fl-7">
         <path>.\</path>
         <kind>object</kind>
         <file>MotorLib.obj</file>
         <name>MotorLib.obj</name>
      </input_file>
      <input_file id="fl-8">
         <path>.\</path>
         <kind>object</kind>
         <file>RTC.obj</file>
         <name>RTC.obj</name>
      </input_file>
      <input_file id="fl-9">
         <path>.\</path>
         <kind>object</kind>
         <file>ST7735.obj</file>
         <name>ST7735.obj</name>
      </input_file>
      <input_file id="fl-a">
         <path>.\</path>
         <kind>object</kind>
         <file>UART_Driver.obj</file>
         <name>UART_Driver.obj</name>
      </input_file>
      <input_file id="fl-b">
         <path>.\</path>
         <kind>object</kind>
         <file>main.obj</file>
         <name>main.obj</name>
      </input_file>
      <input_file id="fl-c">
         <path>.\</path>
         <kind>object</kind>
         <file>startup_msp432p401r_ccs.obj</file>
         <name>startup_msp432p401r_ccs.obj</name>
      </input_file>
      <input_file id="fl-d">
         <path>.\</path>
         <kind>object</kind>
         <file>system_msp432p401r.obj</file>
         <name>system_msp432p401r.obj</name>
      </input_file>
      <input_file id="fl-12">
         <kind>object</kind>
         <file>&lt;internal&gt;</file>
         <name>&lt;internal&gt;</name>
      </input_file>
      <input_file id="fl-13">
         <path>C:\ti\msp\MSP432Ware_3_50_00_02\driverlib\driverlib\MSP432P4xx\ccs\</path>
         <kind>archive</kind>
         <file>msp432p4xx_driverlib.lib</file>
         <name>cs.o</name>
      </input_file>
      <input_file id="fl-14">
         <path>C:\ti\msp\MSP432Ware_3_50_00_02\driverlib\driverlib\MSP432P4xx\ccs\</path>
         <kind>archive</kind>
         <file>msp432p4xx_driverlib.lib</file>
         <name>flash.o</name>
      </input_file>
      <input_file id="fl-15">
         <path>C:\ti\msp\MSP432Ware_3_50_00_02\driverlib\driverlib\MSP432P4xx\ccs\</path>
         <kind>archive</kind>
         <file>msp432p4xx_driverlib.lib</file>
         <name>gpio.o</name>
      </input_file>
      <input_file id="fl-16">
         <path>C:\ti\msp\MSP432Ware_3_50_00_02\driverlib\driverlib\MSP432P4xx\ccs\</path>
         <kind>archive</kind>
         <file>msp432p4xx_driverlib.lib</file>
         <name>interrupt.o</name>
      </input_file>
      <input_file id="fl-17">
         <path>C:\ti\msp\MSP432Ware_3_50_00_02\driverlib\driverlib\MSP432P4xx\ccs\</path>
         <kind>archive</kind>
         <file>msp432p4xx_driverlib.lib</file>
         <name>pcm.o</name>
      </input_file>
      <input_file id="fl-18">
         <path>C:\ti\msp\MSP432Ware_3_50_00_02\driverlib\driverlib\MSP432P4xx\ccs\</path>
         <kind>archive</kind>
         <file>msp432p4xx_driverlib.lib</file>
         <name>rtc_c.o</name>
      </input_file>
      <input_file id="fl-19">
         <path>C:\ti\msp\MSP432Ware_3_50_00_02\driverlib\driverlib\MSP432P4xx\ccs\</path>
         <kind>archive</kind>
         <file>msp432p4xx_driverlib.lib</file>
         <name>sysctl.o</name>
      </input_file>
      <input_file id="fl-1a">
         <path>C:\ti\msp\MSP432Ware_3_50_00_02\driverlib\driverlib\MSP432P4xx\ccs\</path>
         <kind>archive</kind>
         <file>msp432p4xx_driverlib.lib</file>
         <name>uart.o</name>
      </input_file>
      <input_file id="fl-1b">
         <path>C:\ti\msp\MSP432Ware_3_50_00_02\driverlib\driverlib\MSP432P4xx\ccs\</path>
         <kind>archive</kind>
         <file>msp432p4xx_driverlib.lib</file>
         <name>wdt_a.o</name>
      </input_file>
      <input_file id="fl-1c">
         <path>C:\ti\msp\MSP432Ware_3_50_00_02\driverlib\driverlib\MSP432P4xx\ccs\</path>
         <kind>archive</kind>
         <file>msp432p4xx_driverlib.lib</file>
         <name>cpu.o</name>
      </input_file>
      <input_file id="fl-d2">
         <path>C:\ti\ccsv8\tools\compiler\ti-cgt-arm_18.1.3.LTS\lib\</path>
         <kind>archive</kind>
         <file>rtsv7M4_T_le_v4SPD16_eabi.lib</file>
         <name>memset_t2.asm.obj</name>
      </input_file>
      <input_file id="fl-d3">
         <path>C:\ti\ccsv8\tools\compiler\ti-cgt-arm_18.1.3.LTS\lib\</path>
         <kind>archive</kind>
         <file>rtsv7M4_T_le_v4SPD16_eabi.lib</file>
         <name>copy_zero_init.c.obj</name>
      </input_file>
      <input_file id="fl-d4">
         <path>C:\ti\ccsv8\tools\compiler\ti-cgt-arm_18.1.3.LTS\lib\</path>
         <kind>archive</kind>
         <file>rtsv7M4_T_le_v4SPD16_eabi.lib</file>
         <name>copy_decompress_none.c.obj</name>
      </input_file>
      <input_file id="fl-d5">
         <path>C:\ti\ccsv8\tools\compiler\ti-cgt-arm_18.1.3.LTS\lib\</path>
         <kind>archive</kind>
         <file>rtsv7M4_T_le_v4SPD16_eabi.lib</file>
         <name>copy_decompress_lzss.c.obj</name>
      </input_file>
      <input_file id="fl-d6">
         <path>C:\ti\ccsv8\tools\compiler\ti-cgt-arm_18.1.3.LTS\lib\</path>
         <kind>archive</kind>
         <file>rtsv7M4_T_le_v4SPD16_eabi.lib</file>
         <name>defs.c.obj</name>
      </input_file>
      <input_file id="fl-d7">
         <path>C:\ti\ccsv8\tools\compiler\ti-cgt-arm_18.1.3.LTS\lib\</path>
         <kind>archive</kind>
         <file>rtsv7M4_T_le_v4SPD16_eabi.lib</file>
         <name>fflush.c.obj</name>
      </input_file>
      <input_file id="fl-d8">
         <path>C:\ti\ccsv8\tools\compiler\ti-cgt-arm_18.1.3.LTS\lib\</path>
         <kind>archive</kind>
         <file>rtsv7M4_T_le_v4SPD16_eabi.lib</file>
         <name>printf.c.obj</name>
      </input_file>
      <input_file id="fl-d9">
         <path>C:\ti\ccsv8\tools\compiler\ti-cgt-arm_18.1.3.LTS\lib\</path>
         <kind>archive</kind>
         <file>rtsv7M4_T_le_v4SPD16_eabi.lib</file>
         <name>sprintf.c.obj</name>
      </input_file>
      <input_file id="fl-da">
         <path>C:\ti\ccsv8\tools\compiler\ti-cgt-arm_18.1.3.LTS\lib\</path>
         <kind>archive</kind>
         <file>rtsv7M4_T_le_v4SPD16_eabi.lib</file>
         <name>write.c.obj</name>
      </input_file>
      <input_file id="fl-db">
         <path>C:\ti\ccsv8\tools\compiler\ti-cgt-arm_18.1.3.LTS\lib\</path>
         <kind>archive</kind>
         <file>rtsv7M4_T_le_v4SPD16_eabi.lib</file>
         <name>boot_cortex_m.c.obj</name>
      </input_file>
      <input_file id="fl-dc">
         <path>C:\ti\ccsv8\tools\compiler\ti-cgt-arm_18.1.3.LTS\lib\</path>
         <kind>archive</kind>
         <file>rtsv7M4_T_le_v4SPD16_eabi.lib</file>
         <name>memcpy_t2.asm.obj</name>
      </input_file>
      <input_file id="fl-dd">
         <path>C:\ti\ccsv8\tools\compiler\ti-cgt-arm_18.1.3.LTS\lib\</path>
         <kind>archive</kind>
         <file>rtsv7M4_T_le_v4SPD16_eabi.lib</file>
         <name>autoinit.c.obj</name>
      </input_file>
      <input_file id="fl-de">
         <path>C:\ti\ccsv8\tools\compiler\ti-cgt-arm_18.1.3.LTS\lib\</path>
         <kind>archive</kind>
         <file>rtsv7M4_T_le_v4SPD16_eabi.lib</file>
         <name>pre_init.c.obj</name>
      </input_file>
      <input_file id="fl-df">
         <path>C:\ti\ccsv8\tools\compiler\ti-cgt-arm_18.1.3.LTS\lib\</path>
         <kind>archive</kind>
         <file>rtsv7M4_T_le_v4SPD16_eabi.lib</file>
         <name>cpy_tbl.c.obj</name>
      </input_file>
      <input_file id="fl-e0">
         <path>C:\ti\ccsv8\tools\compiler\ti-cgt-arm_18.1.3.LTS\lib\</path>
         <kind>archive</kind>
         <file>rtsv7M4_T_le_v4SPD16_eabi.lib</file>
         <name>exit.c.obj</name>
      </input_file>
      <input_file id="fl-e1">
         <path>C:\ti\ccsv8\tools\compiler\ti-cgt-arm_18.1.3.LTS\lib\</path>
         <kind>archive</kind>
         <file>rtsv7M4_T_le_v4SPD16_eabi.lib</file>
         <name>_lock.c.obj</name>
      </input_file>
      <input_file id="fl-e2">
         <path>C:\ti\ccsv8\tools\compiler\ti-cgt-arm_18.1.3.LTS\lib\</path>
         <kind>archive</kind>
         <file>rtsv7M4_T_le_v4SPD16_eabi.lib</file>
         <name>_printfi.c.obj</name>
      </input_file>
      <input_file id="fl-e3">
         <path>C:\ti\ccsv8\tools\compiler\ti-cgt-arm_18.1.3.LTS\lib\</path>
         <kind>archive</kind>
         <file>rtsv7M4_T_le_v4SPD16_eabi.lib</file>
         <name>args_main.c.obj</name>
      </input_file>
      <input_file id="fl-e4">
         <path>C:\ti\ccsv8\tools\compiler\ti-cgt-arm_18.1.3.LTS\lib\</path>
         <kind>archive</kind>
         <file>rtsv7M4_T_le_v4SPD16_eabi.lib</file>
         <name>atoi.c.obj</name>
      </input_file>
      <input_file id="fl-e5">
         <path>C:\ti\ccsv8\tools\compiler\ti-cgt-arm_18.1.3.LTS\lib\</path>
         <kind>archive</kind>
         <file>rtsv7M4_T_le_v4SPD16_eabi.lib</file>
         <name>ctype.c.obj</name>
      </input_file>
      <input_file id="fl-e6">
         <path>C:\ti\ccsv8\tools\compiler\ti-cgt-arm_18.1.3.LTS\lib\</path>
         <kind>archive</kind>
         <file>rtsv7M4_T_le_v4SPD16_eabi.lib</file>
         <name>fputs.c.obj</name>
      </input_file>
      <input_file id="fl-e7">
         <path>C:\ti\ccsv8\tools\compiler\ti-cgt-arm_18.1.3.LTS\lib\</path>
         <kind>archive</kind>
         <file>rtsv7M4_T_le_v4SPD16_eabi.lib</file>
         <name>ltoa.c.obj</name>
      </input_file>
      <input_file id="fl-e8">
         <path>C:\ti\ccsv8\tools\compiler\ti-cgt-arm_18.1.3.LTS\lib\</path>
         <kind>archive</kind>
         <file>rtsv7M4_T_le_v4SPD16_eabi.lib</file>
         <name>memccpy.c.obj</name>
      </input_file>
      <input_file id="fl-e9">
         <path>C:\ti\ccsv8\tools\compiler\ti-cgt-arm_18.1.3.LTS\lib\</path>
         <kind>archive</kind>
         <file>rtsv7M4_T_le_v4SPD16_eabi.lib</file>
         <name>memchr.c.obj</name>
      </input_file>
      <input_file id="fl-ea">
         <path>C:\ti\ccsv8\tools\compiler\ti-cgt-arm_18.1.3.LTS\lib\</path>
         <kind>archive</kind>
         <file>rtsv7M4_T_le_v4SPD16_eabi.lib</file>
         <name>strchr.c.obj</name>
      </input_file>
      <input_file id="fl-eb">
         <path>C:\ti\ccsv8\tools\compiler\ti-cgt-arm_18.1.3.LTS\lib\</path>
         <kind>archive</kind>
         <file>rtsv7M4_T_le_v4SPD16_eabi.lib</file>
         <name>strlen.c.obj</name>
      </input_file>
      <input_file id="fl-ec">
         <path>C:\ti\ccsv8\tools\compiler\ti-cgt-arm_18.1.3.LTS\lib\</path>
         <kind>archive</kind>
         <file>rtsv7M4_T_le_v4SPD16_eabi.lib</file>
         <name>hostclose.c.obj</name>
      </input_file>
      <input_file id="fl-ed">
         <path>C:\ti\ccsv8\tools\compiler\ti-cgt-arm_18.1.3.LTS\lib\</path>
         <kind>archive</kind>
         <file>rtsv7M4_T_le_v4SPD16_eabi.lib</file>
         <name>hostlseek.c.obj</name>
      </input_file>
      <input_file id="fl-ee">
         <path>C:\ti\ccsv8\tools\compiler\ti-cgt-arm_18.1.3.LTS\lib\</path>
         <kind>archive</kind>
         <file>rtsv7M4_T_le_v4SPD16_eabi.lib</file>
         <name>hostopen.c.obj</name>
      </input_file>
      <input_file id="fl-ef">
         <path>C:\ti\ccsv8\tools\compiler\ti-cgt-arm_18.1.3.LTS\lib\</path>
         <kind>archive</kind>
         <file>rtsv7M4_T_le_v4SPD16_eabi.lib</file>
         <name>hostread.c.obj</name>
      </input_file>
      <input_file id="fl-f0">
         <path>C:\ti\ccsv8\tools\compiler\ti-cgt-arm_18.1.3.LTS\lib\</path>
         <kind>archive</kind>
         <file>rtsv7M4_T_le_v4SPD16_eabi.lib</file>
         <name>hostrename.c.obj</name>
      </input_file>
      <input_file id="fl-f1">
         <path>C:\ti\ccsv8\tools\compiler\ti-cgt-arm_18.1.3.LTS\lib\</path>
         <kind>archive</kind>
         <file>rtsv7M4_T_le_v4SPD16_eabi.lib</file>
         <name>hostunlink.c.obj</name>
      </input_file>
      <input_file id="fl-f2">
         <path>C:\ti\ccsv8\tools\compiler\ti-cgt-arm_18.1.3.LTS\lib\</path>
         <kind>archive</kind>
         <file>rtsv7M4_T_le_v4SPD16_eabi.lib</file>
         <name>hostwrite.c.obj</name>
      </input_file>
      <input_file id="fl-f3">
         <path>C:\ti\ccsv8\tools\compiler\ti-cgt-arm_18.1.3.LTS\lib\</path>
         <kind>archive</kind>
         <file>rtsv7M4_T_le_v4SPD16_eabi.lib</file>
         <name>trgmsg.c.obj</name>
      </input_file>
      <input_file id="fl-f4">
         <path>C:\ti\ccsv8\tools\compiler\ti-cgt-arm_18.1.3.LTS\lib\</path>
         <kind>archive</kind>
         <file>rtsv7M4_T_le_v4SPD16_eabi.lib</file>
         <name>errno.c.obj</name>
      </input_file>
      <input_file id="fl-f5">
         <path>C:\ti\ccsv8\tools\compiler\ti-cgt-arm_18.1.3.LTS\lib\</path>
         <kind>archive</kind>
         <file>rtsv7M4_T_le_v4SPD16_eabi.lib</file>
         <name>s_frexp.c.obj</name>
      </input_file>
      <input_file id="fl-f6">
         <path>C:\ti\ccsv8\tools\compiler\ti-cgt-arm_18.1.3.LTS\lib\</path>
         <kind>archive</kind>
         <file>rtsv7M4_T_le_v4SPD16_eabi.lib</file>
         <name>s_scalbn.c.obj</name>
      </input_file>
      <input_file id="fl-f7">
         <path>C:\ti\ccsv8\tools\compiler\ti-cgt-arm_18.1.3.LTS\lib\</path>
         <kind>archive</kind>
         <file>rtsv7M4_T_le_v4SPD16_eabi.lib</file>
         <name>wcslen.c.obj</name>
      </input_file>
      <input_file id="fl-f8">
         <path>C:\ti\ccsv8\tools\compiler\ti-cgt-arm_18.1.3.LTS\lib\</path>
         <kind>archive</kind>
         <file>rtsv7M4_T_le_v4SPD16_eabi.lib</file>
         <name>s_copysign.c.obj</name>
      </input_file>
      <input_file id="fl-f9">
         <path>C:\ti\ccsv8\tools\compiler\ti-cgt-arm_18.1.3.LTS\lib\</path>
         <kind>archive</kind>
         <file>rtsv7M4_T_le_v4SPD16_eabi.lib</file>
         <name>ull_div_t2.asm.obj</name>
      </input_file>
      <input_file id="fl-fa">
         <path>C:\ti\ccsv8\tools\compiler\ti-cgt-arm_18.1.3.LTS\lib\</path>
         <kind>archive</kind>
         <file>rtsv7M4_T_le_v4SPD16_eabi.lib</file>
         <name>fd_add_t2.asm.obj</name>
      </input_file>
      <input_file id="fl-fb">
         <path>C:\ti\ccsv8\tools\compiler\ti-cgt-arm_18.1.3.LTS\lib\</path>
         <kind>archive</kind>
         <file>rtsv7M4_T_le_v4SPD16_eabi.lib</file>
         <name>fd_cmp_t2.asm.obj</name>
      </input_file>
      <input_file id="fl-fc">
         <path>C:\ti\ccsv8\tools\compiler\ti-cgt-arm_18.1.3.LTS\lib\</path>
         <kind>archive</kind>
         <file>rtsv7M4_T_le_v4SPD16_eabi.lib</file>
         <name>fd_div_t2.asm.obj</name>
      </input_file>
      <input_file id="fl-fd">
         <path>C:\ti\ccsv8\tools\compiler\ti-cgt-arm_18.1.3.LTS\lib\</path>
         <kind>archive</kind>
         <file>rtsv7M4_T_le_v4SPD16_eabi.lib</file>
         <name>fd_mul_t2.asm.obj</name>
      </input_file>
      <input_file id="fl-fe">
         <path>C:\ti\ccsv8\tools\compiler\ti-cgt-arm_18.1.3.LTS\lib\</path>
         <kind>archive</kind>
         <file>rtsv7M4_T_le_v4SPD16_eabi.lib</file>
         <name>fd_toi_t2.asm.obj</name>
      </input_file>
      <input_file id="fl-ff">
         <path>C:\ti\ccsv8\tools\compiler\ti-cgt-arm_18.1.3.LTS\lib\</path>
         <kind>archive</kind>
         <file>rtsv7M4_T_le_v4SPD16_eabi.lib</file>
         <name>i_tofd_t2.asm.obj</name>
      </input_file>
      <input_file id="fl-100">
         <path>C:\ti\ccsv8\tools\compiler\ti-cgt-arm_18.1.3.LTS\lib\</path>
         <kind>archive</kind>
         <file>rtsv7M4_T_le_v4SPD16_eabi.lib</file>
         <name>_io_perm.c.obj</name>
      </input_file>
      <input_file id="fl-101">
         <path>C:\ti\ccsv8\tools\compiler\ti-cgt-arm_18.1.3.LTS\lib\</path>
         <kind>archive</kind>
         <file>rtsv7M4_T_le_v4SPD16_eabi.lib</file>
         <name>fseek.c.obj</name>
      </input_file>
      <input_file id="fl-102">
         <path>C:\ti\ccsv8\tools\compiler\ti-cgt-arm_18.1.3.LTS\lib\</path>
         <kind>archive</kind>
         <file>rtsv7M4_T_le_v4SPD16_eabi.lib</file>
         <name>lseek.c.obj</name>
      </input_file>
      <input_file id="fl-103">
         <path>C:\ti\ccsv8\tools\compiler\ti-cgt-arm_18.1.3.LTS\lib\</path>
         <kind>archive</kind>
         <file>rtsv7M4_T_le_v4SPD16_eabi.lib</file>
         <name>setvbuf.c.obj</name>
      </input_file>
      <input_file id="fl-104">
         <path>C:\ti\ccsv8\tools\compiler\ti-cgt-arm_18.1.3.LTS\lib\</path>
         <kind>archive</kind>
         <file>rtsv7M4_T_le_v4SPD16_eabi.lib</file>
         <name>strcpy.c.obj</name>
      </input_file>
      <input_file id="fl-105">
         <path>C:\ti\ccsv8\tools\compiler\ti-cgt-arm_18.1.3.LTS\lib\</path>
         <kind>archive</kind>
         <file>rtsv7M4_T_le_v4SPD16_eabi.lib</file>
         <name>div0.asm.obj</name>
      </input_file>
      <input_file id="fl-106">
         <path>C:\ti\ccsv8\tools\compiler\ti-cgt-arm_18.1.3.LTS\lib\</path>
         <kind>archive</kind>
         <file>rtsv7M4_T_le_v4SPD16_eabi.lib</file>
         <name>memory.c.obj</name>
      </input_file>
      <input_file id="fl-107">
         <path>C:\ti\ccsv8\tools\compiler\ti-cgt-arm_18.1.3.LTS\lib\</path>
         <kind>archive</kind>
         <file>rtsv7M4_T_le_v4SPD16_eabi.lib</file>
         <name>fopen.c.obj</name>
      </input_file>
      <input_file id="fl-108">
         <path>C:\ti\ccsv8\tools\compiler\ti-cgt-arm_18.1.3.LTS\lib\</path>
         <kind>archive</kind>
         <file>rtsv7M4_T_le_v4SPD16_eabi.lib</file>
         <name>open.c.obj</name>
      </input_file>
      <input_file id="fl-109">
         <path>C:\ti\ccsv8\tools\compiler\ti-cgt-arm_18.1.3.LTS\lib\</path>
         <kind>archive</kind>
         <file>rtsv7M4_T_le_v4SPD16_eabi.lib</file>
         <name>fclose.c.obj</name>
      </input_file>
      <input_file id="fl-10a">
         <path>C:\ti\ccsv8\tools\compiler\ti-cgt-arm_18.1.3.LTS\lib\</path>
         <kind>archive</kind>
         <file>rtsv7M4_T_le_v4SPD16_eabi.lib</file>
         <name>getdevice.c.obj</name>
      </input_file>
      <input_file id="fl-10b">
         <path>C:\ti\ccsv8\tools\compiler\ti-cgt-arm_18.1.3.LTS\lib\</path>
         <kind>archive</kind>
         <file>rtsv7M4_T_le_v4SPD16_eabi.lib</file>
         <name>remove.c.obj</name>
      </input_file>
      <input_file id="fl-10c">
         <path>C:\ti\ccsv8\tools\compiler\ti-cgt-arm_18.1.3.LTS\lib\</path>
         <kind>archive</kind>
         <file>rtsv7M4_T_le_v4SPD16_eabi.lib</file>
         <name>strcmp.c.obj</name>
      </input_file>
      <input_file id="fl-10d">
         <path>C:\ti\ccsv8\tools\compiler\ti-cgt-arm_18.1.3.LTS\lib\</path>
         <kind>archive</kind>
         <file>rtsv7M4_T_le_v4SPD16_eabi.lib</file>
         <name>strncpy.c.obj</name>
      </input_file>
      <input_file id="fl-10e">
         <path>C:\ti\ccsv8\tools\compiler\ti-cgt-arm_18.1.3.LTS\lib\</path>
         <kind>archive</kind>
         <file>rtsv7M4_T_le_v4SPD16_eabi.lib</file>
         <name>unlink.c.obj</name>
      </input_file>
      <input_file id="fl-10f">
         <path>C:\ti\ccsv8\tools\compiler\ti-cgt-arm_18.1.3.LTS\lib\</path>
         <kind>archive</kind>
         <file>rtsv7M4_T_le_v4SPD16_eabi.lib</file>
         <name>close.c.obj</name>
      </input_file>
   </input_file_list>
   <object_component_list>
      <object_component id="oc-1f">
         <name>.intvecs:retain</name>
         <load_address>0x0</load_address>
         <run_address>0x0</run_address>
         <size>0xe4</size>
         <input_file_ref idref="fl-c"/>
      </object_component>
      <object_component id="oc-69">
         <name>.text</name>
         <load_address>0xe4</load_address>
         <run_address>0xe4</run_address>
         <size>0x370</size>
         <input_file_ref idref="fl-a"/>
      </object_component>
      <object_component id="oc-ab">
         <name>.text</name>
         <load_address>0x454</load_address>
         <run_address>0x454</run_address>
         <size>0x328</size>
         <input_file_ref idref="fl-d"/>
      </object_component>
      <object_component id="oc-33">
         <name>.text</name>
         <load_address>0x77c</load_address>
         <run_address>0x77c</run_address>
         <size>0x9c</size>
         <input_file_ref idref="fl-dc"/>
      </object_component>
      <object_component id="oc-fa">
         <name>.text:UART_initModule</name>
         <load_address>0x818</load_address>
         <run_address>0x818</run_address>
         <size>0x94</size>
         <input_file_ref idref="fl-1a"/>
      </object_component>
      <object_component id="oc-8d">
         <name>.text</name>
         <load_address>0x8ac</load_address>
         <run_address>0x8ac</run_address>
         <size>0x7a</size>
         <input_file_ref idref="fl-d2"/>
      </object_component>
      <object_component id="oc-10">
         <name>.text:decompress:lzss:__TI_decompress_lzss</name>
         <load_address>0x926</load_address>
         <run_address>0x926</run_address>
         <size>0x68</size>
         <input_file_ref idref="fl-d5"/>
      </object_component>
      <object_component id="oc-ee">
         <name>.text:GPIO_setAsPeripheralModuleFunctionInputPin</name>
         <load_address>0x990</load_address>
         <run_address>0x990</run_address>
         <size>0x48</size>
         <input_file_ref idref="fl-15"/>
      </object_component>
      <object_component id="oc-121">
         <name>.text:__TI_auto_init_nobinit_nopinit:__TI_auto_init_nobinit_nopinit</name>
         <load_address>0x9d8</load_address>
         <run_address>0x9d8</run_address>
         <size>0x44</size>
         <input_file_ref idref="fl-dd"/>
      </object_component>
      <object_component id="oc-51">
         <name>.text:_c_int00_noargs:_c_int00_noargs</name>
         <load_address>0xa1c</load_address>
         <run_address>0xa1c</run_address>
         <size>0x38</size>
         <input_file_ref idref="fl-db"/>
      </object_component>
      <object_component id="oc-99">
         <name>.text</name>
         <load_address>0xa54</load_address>
         <run_address>0xa54</run_address>
         <size>0x38</size>
         <input_file_ref idref="fl-b"/>
      </object_component>
      <object_component id="oc-f4">
         <name>.text:CS_setDCOCenteredFrequency</name>
         <load_address>0xa8c</load_address>
         <run_address>0xa8c</run_address>
         <size>0x24</size>
         <input_file_ref idref="fl-13"/>
      </object_component>
      <object_component id="oc-106">
         <name>.text:UART_transmitData</name>
         <load_address>0xab0</load_address>
         <run_address>0xab0</run_address>
         <size>0x24</size>
         <input_file_ref idref="fl-1a"/>
      </object_component>
      <object_component id="oc-e8">
         <name>.text:WDT_A_holdTimer</name>
         <load_address>0xad4</load_address>
         <run_address>0xad4</run_address>
         <size>0x18</size>
         <input_file_ref idref="fl-1b"/>
      </object_component>
      <object_component id="oc-16">
         <name>.text:decompress:none:__TI_decompress_none</name>
         <load_address>0xaec</load_address>
         <run_address>0xaec</run_address>
         <size>0xe</size>
         <input_file_ref idref="fl-d4"/>
      </object_component>
      <object_component id="oc-63">
         <name>.text</name>
         <load_address>0xafa</load_address>
         <run_address>0xafa</run_address>
         <size>0xe</size>
         <input_file_ref idref="fl-c"/>
      </object_component>
      <object_component id="oc-100">
         <name>.text:UART_enableModule</name>
         <load_address>0xb08</load_address>
         <run_address>0xb08</run_address>
         <size>0xc</size>
         <input_file_ref idref="fl-1a"/>
      </object_component>
      <object_component id="oc-45">
         <name>.text:decompress:ZI:__TI_zero_init</name>
         <load_address>0xb14</load_address>
         <run_address>0xb14</run_address>
         <size>0xc</size>
         <input_file_ref idref="fl-d3"/>
      </object_component>
      <object_component id="oc-93">
         <name>.text:_system_pre_init</name>
         <load_address>0xb20</load_address>
         <run_address>0xb20</run_address>
         <size>0x4</size>
         <input_file_ref idref="fl-de"/>
      </object_component>
      <object_component id="oc-115">
         <name>.text:abort:abort</name>
         <load_address>0xb24</load_address>
         <run_address>0xb24</run_address>
         <size>0x4</size>
         <input_file_ref idref="fl-e0"/>
      </object_component>
      <object_component id="oc-10c">
         <name>.const:uartConfig</name>
         <load_address>0xb28</load_address>
         <run_address>0xb28</run_address>
         <size>0x24</size>
         <input_file_ref idref="fl-b"/>
      </object_component>
      <object_component id="oc-21f">
         <name>.cinit..data.load</name>
         <load_address>0xb50</load_address>
         <run_address>0xb50</run_address>
         <size>0x2f</size>
      </object_component>
      <object_component id="oc-21d">
         <name>__TI_handler_table</name>
         <load_address>0xb80</load_address>
         <run_address>0xb80</run_address>
         <size>0xc</size>
      </object_component>
      <object_component id="oc-220">
         <name>.cinit..bss.load</name>
         <load_address>0xb90</load_address>
         <run_address>0xb90</run_address>
         <size>0x8</size>
      </object_component>
      <object_component id="oc-21e">
         <name>__TI_cinit_table</name>
         <load_address>0xb98</load_address>
         <run_address>0xb98</run_address>
         <size>0x10</size>
      </object_component>
      <object_component id="oc-153">
         <name>.data</name>
         <load_address>0x20001840</load_address>
         <run_address>0x20001840</run_address>
         <size>0x4</size>
         <input_file_ref idref="fl-d"/>
      </object_component>
      <object_component id="oc-16f">
         <name>.data:GPIO_PORT_TO_BASE</name>
         <load_address>0x20001810</load_address>
         <run_address>0x20001810</run_address>
         <size>0x30</size>
         <input_file_ref idref="fl-15"/>
      </object_component>
      <object_component id="oc-b6">
         <name>.common:UARTA0Data</name>
         <uninitialized>true</uninitialized>
         <run_address>0x20000000</run_address>
         <size>0x800</size>
      </object_component>
      <object_component id="oc-b2">
         <name>.common:UARTA0ReadIndex</name>
         <uninitialized>true</uninitialized>
         <run_address>0x20001000</run_address>
         <size>0x4</size>
      </object_component>
      <object_component id="oc-b5">
         <name>.common:UARTA0WriteIndex</name>
         <uninitialized>true</uninitialized>
         <run_address>0x20001004</run_address>
         <size>0x4</size>
      </object_component>
      <object_component id="oc-b9">
         <name>.common:UARTA2Data</name>
         <uninitialized>true</uninitialized>
         <run_address>0x20000800</run_address>
         <size>0x800</size>
      </object_component>
      <object_component id="oc-b7">
         <name>.common:UARTA2ReadIndex</name>
         <uninitialized>true</uninitialized>
         <run_address>0x20001008</run_address>
         <size>0x4</size>
      </object_component>
      <object_component id="oc-b8">
         <name>.common:UARTA2WriteIndex</name>
         <uninitialized>true</uninitialized>
         <run_address>0x2000100c</run_address>
         <size>0x4</size>
      </object_component>
      <object_component id="oc-25">
         <name>.sysmem</name>
         <uninitialized>true</uninitialized>
         <run_address>0x20001010</run_address>
         <size>0x8</size>
         <input_file_ref idref="fl-106"/>
      </object_component>
      <object_component id="oc-222">
         <name>.sysmem</name>
         <uninitialized>true</uninitialized>
         <run_address>0x20001010</run_address>
         <size>0x0</size>
      </object_component>
      <object_component id="oc-22">
         <name>.stack</name>
         <uninitialized>true</uninitialized>
         <run_address>0x2000fe00</run_address>
         <size>0x4</size>
         <input_file_ref idref="fl-db"/>
      </object_component>
      <object_component id="oc-221">
         <name>.stack</name>
         <uninitialized>true</uninitialized>
         <run_address>0x2000fe00</run_address>
         <size>0x0</size>
      </object_component>
      <object_component id="oc-16d">
         <name>.debug_info</name>
         <load_address>0x0</load_address>
         <run_address>0x0</run_address>
         <size>0x63b</size>
         <input_file_ref idref="fl-2"/>
      </object_component>
      <object_component id="oc-15e">
         <name>.debug_info</name>
         <load_address>0x63b</load_address>
         <run_address>0x63b</run_address>
         <size>0x1055</size>
         <input_file_ref idref="fl-2"/>
      </object_component>
      <object_component id="oc-c7">
         <name>.debug_info</name>
         <load_address>0x1690</load_address>
         <run_address>0x1690</run_address>
         <size>0x26b</size>
         <input_file_ref idref="fl-2"/>
      </object_component>
      <object_component id="oc-159">
         <name>.debug_info</name>
         <load_address>0x18fb</load_address>
         <run_address>0x18fb</run_address>
         <size>0x37e2</size>
         <input_file_ref idref="fl-2"/>
      </object_component>
      <object_component id="oc-1a7">
         <name>.debug_info</name>
         <load_address>0x50dd</load_address>
         <run_address>0x50dd</run_address>
         <size>0x341</size>
         <input_file_ref idref="fl-2"/>
      </object_component>
      <object_component id="oc-110">
         <name>.debug_info</name>
         <load_address>0x541e</load_address>
         <run_address>0x541e</run_address>
         <size>0x8b</size>
         <input_file_ref idref="fl-2"/>
      </object_component>
      <object_component id="oc-163">
         <name>.debug_info</name>
         <load_address>0x54a9</load_address>
         <run_address>0x54a9</run_address>
         <size>0x297</size>
         <input_file_ref idref="fl-2"/>
      </object_component>
      <object_component id="oc-168">
         <name>.debug_info</name>
         <load_address>0x5740</load_address>
         <run_address>0x5740</run_address>
         <size>0xef</size>
         <input_file_ref idref="fl-2"/>
      </object_component>
      <object_component id="oc-bb">
         <name>.debug_info</name>
         <load_address>0x582f</load_address>
         <run_address>0x582f</run_address>
         <size>0xbb</size>
         <input_file_ref idref="fl-2"/>
      </object_component>
      <object_component id="oc-c0">
         <name>.debug_info</name>
         <load_address>0x58ea</load_address>
         <run_address>0x58ea</run_address>
         <size>0xee</size>
         <input_file_ref idref="fl-2"/>
      </object_component>
      <object_component id="oc-2e">
         <name>.debug_info</name>
         <load_address>0x59d8</load_address>
         <run_address>0x59d8</run_address>
         <size>0x84</size>
         <input_file_ref idref="fl-4"/>
      </object_component>
      <object_component id="oc-b3">
         <name>.debug_info</name>
         <load_address>0x5a5c</load_address>
         <run_address>0x5a5c</run_address>
         <size>0x653</size>
         <input_file_ref idref="fl-a"/>
      </object_component>
      <object_component id="oc-6c">
         <name>.debug_info</name>
         <load_address>0x60af</load_address>
         <run_address>0x60af</run_address>
         <size>0x59d</size>
         <input_file_ref idref="fl-a"/>
      </object_component>
      <object_component id="oc-182">
         <name>.debug_info</name>
         <load_address>0x664c</load_address>
         <run_address>0x664c</run_address>
         <size>0x6fb</size>
         <input_file_ref idref="fl-b"/>
      </object_component>
      <object_component id="oc-10d">
         <name>.debug_info</name>
         <load_address>0x6d47</load_address>
         <run_address>0x6d47</run_address>
         <size>0xd9</size>
         <input_file_ref idref="fl-b"/>
      </object_component>
      <object_component id="oc-9a">
         <name>.debug_info</name>
         <load_address>0x6e20</load_address>
         <run_address>0x6e20</run_address>
         <size>0x1a3</size>
         <input_file_ref idref="fl-b"/>
      </object_component>
      <object_component id="oc-71">
         <name>.debug_info</name>
         <load_address>0x6fc3</load_address>
         <run_address>0x6fc3</run_address>
         <size>0x2cc</size>
         <input_file_ref idref="fl-c"/>
      </object_component>
      <object_component id="oc-20">
         <name>.debug_info</name>
         <load_address>0x728f</load_address>
         <run_address>0x728f</run_address>
         <size>0xf8</size>
         <input_file_ref idref="fl-c"/>
      </object_component>
      <object_component id="oc-66">
         <name>.debug_info</name>
         <load_address>0x7387</load_address>
         <run_address>0x7387</run_address>
         <size>0x1bf</size>
         <input_file_ref idref="fl-c"/>
      </object_component>
      <object_component id="oc-154">
         <name>.debug_info</name>
         <load_address>0x7546</load_address>
         <run_address>0x7546</run_address>
         <size>0xf1</size>
         <input_file_ref idref="fl-d"/>
      </object_component>
      <object_component id="oc-ac">
         <name>.debug_info</name>
         <load_address>0x7637</load_address>
         <run_address>0x7637</run_address>
         <size>0x263</size>
         <input_file_ref idref="fl-d"/>
      </object_component>
      <object_component id="oc-17a">
         <name>.debug_info</name>
         <load_address>0x789a</load_address>
         <run_address>0x789a</run_address>
         <size>0x5ef</size>
         <input_file_ref idref="fl-13"/>
      </object_component>
      <object_component id="oc-f6">
         <name>.debug_info</name>
         <load_address>0x7e89</load_address>
         <run_address>0x7e89</run_address>
         <size>0x132</size>
         <input_file_ref idref="fl-13"/>
      </object_component>
      <object_component id="oc-1b7">
         <name>.debug_info</name>
         <load_address>0x7fbb</load_address>
         <run_address>0x7fbb</run_address>
         <size>0x1b5</size>
         <input_file_ref idref="fl-13"/>
      </object_component>
      <object_component id="oc-1b0">
         <name>.debug_info</name>
         <load_address>0x8170</load_address>
         <run_address>0x8170</run_address>
         <size>0x103e</size>
         <input_file_ref idref="fl-13"/>
      </object_component>
      <object_component id="oc-173">
         <name>.debug_info</name>
         <load_address>0x91ae</load_address>
         <run_address>0x91ae</run_address>
         <size>0x18b</size>
         <input_file_ref idref="fl-13"/>
      </object_component>
      <object_component id="oc-178">
         <name>.debug_info</name>
         <load_address>0x9339</load_address>
         <run_address>0x9339</run_address>
         <size>0x4a4</size>
         <input_file_ref idref="fl-15"/>
      </object_component>
      <object_component id="oc-170">
         <name>.debug_info</name>
         <load_address>0x97dd</load_address>
         <run_address>0x97dd</run_address>
         <size>0xd0</size>
         <input_file_ref idref="fl-15"/>
      </object_component>
      <object_component id="oc-f1">
         <name>.debug_info</name>
         <load_address>0x98ad</load_address>
         <run_address>0x98ad</run_address>
         <size>0x1db</size>
         <input_file_ref idref="fl-15"/>
      </object_component>
      <object_component id="oc-17d">
         <name>.debug_info</name>
         <load_address>0x9a88</load_address>
         <run_address>0x9a88</run_address>
         <size>0x498</size>
         <input_file_ref idref="fl-1a"/>
      </object_component>
      <object_component id="oc-107">
         <name>.debug_info</name>
         <load_address>0x9f20</load_address>
         <run_address>0x9f20</run_address>
         <size>0x181</size>
         <input_file_ref idref="fl-1a"/>
      </object_component>
      <object_component id="oc-fc">
         <name>.debug_info</name>
         <load_address>0xa0a1</load_address>
         <run_address>0xa0a1</run_address>
         <size>0x169</size>
         <input_file_ref idref="fl-1a"/>
      </object_component>
      <object_component id="oc-102">
         <name>.debug_info</name>
         <load_address>0xa20a</load_address>
         <run_address>0xa20a</run_address>
         <size>0x13f</size>
         <input_file_ref idref="fl-1a"/>
      </object_component>
      <object_component id="oc-1be">
         <name>.debug_info</name>
         <load_address>0xa349</load_address>
         <run_address>0xa349</run_address>
         <size>0xee</size>
         <input_file_ref idref="fl-1a"/>
      </object_component>
      <object_component id="oc-ea">
         <name>.debug_info</name>
         <load_address>0xa437</load_address>
         <run_address>0xa437</run_address>
         <size>0x115</size>
         <input_file_ref idref="fl-1b"/>
      </object_component>
      <object_component id="oc-8e">
         <name>.debug_info</name>
         <load_address>0xa54c</load_address>
         <run_address>0xa54c</run_address>
         <size>0x13f</size>
         <input_file_ref idref="fl-d2"/>
      </object_component>
      <object_component id="oc-8c">
         <name>.debug_info</name>
         <load_address>0xa68b</load_address>
         <run_address>0xa68b</run_address>
         <size>0x313</size>
         <input_file_ref idref="fl-d3"/>
      </object_component>
      <object_component id="oc-48">
         <name>.debug_info</name>
         <load_address>0xa99e</load_address>
         <run_address>0xa99e</run_address>
         <size>0x1aa</size>
         <input_file_ref idref="fl-d3"/>
      </object_component>
      <object_component id="oc-87">
         <name>.debug_info</name>
         <load_address>0xab48</load_address>
         <run_address>0xab48</run_address>
         <size>0x46</size>
         <input_file_ref idref="fl-d3"/>
      </object_component>
      <object_component id="oc-df">
         <name>.debug_info</name>
         <load_address>0xab8e</load_address>
         <run_address>0xab8e</run_address>
         <size>0x2c</size>
         <input_file_ref idref="fl-d3"/>
      </object_component>
      <object_component id="oc-3e">
         <name>.debug_info</name>
         <load_address>0xabba</load_address>
         <run_address>0xabba</run_address>
         <size>0x29d</size>
         <input_file_ref idref="fl-d4"/>
      </object_component>
      <object_component id="oc-17">
         <name>.debug_info</name>
         <load_address>0xae57</load_address>
         <run_address>0xae57</run_address>
         <size>0x1df</size>
         <input_file_ref idref="fl-d4"/>
      </object_component>
      <object_component id="oc-39">
         <name>.debug_info</name>
         <load_address>0xb036</load_address>
         <run_address>0xb036</run_address>
         <size>0x46</size>
         <input_file_ref idref="fl-d4"/>
      </object_component>
      <object_component id="oc-7f">
         <name>.debug_info</name>
         <load_address>0xb07c</load_address>
         <run_address>0xb07c</run_address>
         <size>0x2c</size>
         <input_file_ref idref="fl-d4"/>
      </object_component>
      <object_component id="oc-7d">
         <name>.debug_info</name>
         <load_address>0xb0a8</load_address>
         <run_address>0xb0a8</run_address>
         <size>0x293</size>
         <input_file_ref idref="fl-d5"/>
      </object_component>
      <object_component id="oc-12">
         <name>.debug_info</name>
         <load_address>0xb33b</load_address>
         <run_address>0xb33b</run_address>
         <size>0x245</size>
         <input_file_ref idref="fl-d5"/>
      </object_component>
      <object_component id="oc-29">
         <name>.debug_info</name>
         <load_address>0xb580</load_address>
         <run_address>0xb580</run_address>
         <size>0x60</size>
         <input_file_ref idref="fl-d5"/>
      </object_component>
      <object_component id="oc-d8">
         <name>.debug_info</name>
         <load_address>0xb5e0</load_address>
         <run_address>0xb5e0</run_address>
         <size>0x46</size>
         <input_file_ref idref="fl-d5"/>
      </object_component>
      <object_component id="oc-78">
         <name>.debug_info</name>
         <load_address>0xb626</load_address>
         <run_address>0xb626</run_address>
         <size>0x39</size>
         <input_file_ref idref="fl-d5"/>
      </object_component>
      <object_component id="oc-23">
         <name>.debug_info</name>
         <load_address>0xb65f</load_address>
         <run_address>0xb65f</run_address>
         <size>0x100</size>
         <input_file_ref idref="fl-db"/>
      </object_component>
      <object_component id="oc-54">
         <name>.debug_info</name>
         <load_address>0xb75f</load_address>
         <run_address>0xb75f</run_address>
         <size>0x1a4</size>
         <input_file_ref idref="fl-db"/>
      </object_component>
      <object_component id="oc-34">
         <name>.debug_info</name>
         <load_address>0xb903</load_address>
         <run_address>0xb903</run_address>
         <size>0x111</size>
         <input_file_ref idref="fl-dc"/>
      </object_component>
      <object_component id="oc-18e">
         <name>.debug_info</name>
         <load_address>0xba14</load_address>
         <run_address>0xba14</run_address>
         <size>0x547</size>
         <input_file_ref idref="fl-dd"/>
      </object_component>
      <object_component id="oc-125">
         <name>.debug_info</name>
         <load_address>0xbf5b</load_address>
         <run_address>0xbf5b</run_address>
         <size>0x19b</size>
         <input_file_ref idref="fl-dd"/>
      </object_component>
      <object_component id="oc-1d5">
         <name>.debug_info</name>
         <load_address>0xc0f6</load_address>
         <run_address>0xc0f6</run_address>
         <size>0x39</size>
         <input_file_ref idref="fl-dd"/>
      </object_component>
      <object_component id="oc-1e9">
         <name>.debug_info</name>
         <load_address>0xc12f</load_address>
         <run_address>0xc12f</run_address>
         <size>0x39</size>
         <input_file_ref idref="fl-dd"/>
      </object_component>
      <object_component id="oc-1da">
         <name>.debug_info</name>
         <load_address>0xc168</load_address>
         <run_address>0xc168</run_address>
         <size>0x39</size>
         <input_file_ref idref="fl-dd"/>
      </object_component>
      <object_component id="oc-1df">
         <name>.debug_info</name>
         <load_address>0xc1a1</load_address>
         <run_address>0xc1a1</run_address>
         <size>0xcd</size>
         <input_file_ref idref="fl-dd"/>
      </object_component>
      <object_component id="oc-94">
         <name>.debug_info</name>
         <load_address>0xc26e</load_address>
         <run_address>0xc26e</run_address>
         <size>0x148</size>
         <input_file_ref idref="fl-de"/>
      </object_component>
      <object_component id="oc-117">
         <name>.debug_info</name>
         <load_address>0xc3b6</load_address>
         <run_address>0xc3b6</run_address>
         <size>0x117</size>
         <input_file_ref idref="fl-e0"/>
      </object_component>
      <object_component id="oc-76">
         <name>.debug_info</name>
         <load_address>0xc4cd</load_address>
         <run_address>0xc4cd</run_address>
         <size>0x3bb</size>
         <input_file_ref idref="fl-106"/>
      </object_component>
      <object_component id="oc-26">
         <name>.debug_info</name>
         <load_address>0xc888</load_address>
         <run_address>0xc888</run_address>
         <size>0x101</size>
         <input_file_ref idref="fl-106"/>
      </object_component>
      <object_component id="oc-ce">
         <name>.debug_info</name>
         <load_address>0xc989</load_address>
         <run_address>0xc989</run_address>
         <size>0x2c</size>
         <input_file_ref idref="fl-106"/>
      </object_component>
      <object_component id="oc-d3">
         <name>.debug_info</name>
         <load_address>0xc9b5</load_address>
         <run_address>0xc9b5</run_address>
         <size>0x62</size>
         <input_file_ref idref="fl-106"/>
      </object_component>
      <object_component id="oc-223">
         <name>.debug_info</name>
         <load_address>0xca17</load_address>
         <run_address>0xca17</run_address>
         <size>0xa7</size>
      </object_component>
      <object_component id="oc-1a6">
         <name>.debug_line</name>
         <load_address>0x0</load_address>
         <run_address>0x0</run_address>
         <size>0x67</size>
         <input_file_ref idref="fl-2"/>
      </object_component>
      <object_component id="oc-161">
         <name>.debug_line</name>
         <load_address>0x67</load_address>
         <run_address>0x67</run_address>
         <size>0x55</size>
         <input_file_ref idref="fl-2"/>
      </object_component>
      <object_component id="oc-ca">
         <name>.debug_line</name>
         <load_address>0xbc</load_address>
         <run_address>0xbc</run_address>
         <size>0x69</size>
         <input_file_ref idref="fl-2"/>
      </object_component>
      <object_component id="oc-15c">
         <name>.debug_line</name>
         <load_address>0x125</load_address>
         <run_address>0x125</run_address>
         <size>0x52</size>
         <input_file_ref idref="fl-2"/>
      </object_component>
      <object_component id="oc-1aa">
         <name>.debug_line</name>
         <load_address>0x177</load_address>
         <run_address>0x177</run_address>
         <size>0x6c</size>
         <input_file_ref idref="fl-2"/>
      </object_component>
      <object_component id="oc-113">
         <name>.debug_line</name>
         <load_address>0x1e3</load_address>
         <run_address>0x1e3</run_address>
         <size>0x20</size>
         <input_file_ref idref="fl-2"/>
      </object_component>
      <object_component id="oc-166">
         <name>.debug_line</name>
         <load_address>0x203</load_address>
         <run_address>0x203</run_address>
         <size>0x6d</size>
         <input_file_ref idref="fl-2"/>
      </object_component>
      <object_component id="oc-16b">
         <name>.debug_line</name>
         <load_address>0x270</load_address>
         <run_address>0x270</run_address>
         <size>0x69</size>
         <input_file_ref idref="fl-2"/>
      </object_component>
      <object_component id="oc-be">
         <name>.debug_line</name>
         <load_address>0x2d9</load_address>
         <run_address>0x2d9</run_address>
         <size>0x6a</size>
         <input_file_ref idref="fl-2"/>
      </object_component>
      <object_component id="oc-c3">
         <name>.debug_line</name>
         <load_address>0x343</load_address>
         <run_address>0x343</run_address>
         <size>0x69</size>
         <input_file_ref idref="fl-2"/>
      </object_component>
      <object_component id="oc-31">
         <name>.debug_line</name>
         <load_address>0x3ac</load_address>
         <run_address>0x3ac</run_address>
         <size>0x20</size>
         <input_file_ref idref="fl-4"/>
      </object_component>
      <object_component id="oc-158">
         <name>.debug_line</name>
         <load_address>0x3cc</load_address>
         <run_address>0x3cc</run_address>
         <size>0x34</size>
         <input_file_ref idref="fl-a"/>
      </object_component>
      <object_component id="oc-6b">
         <name>.debug_line</name>
         <load_address>0x400</load_address>
         <run_address>0x400</run_address>
         <size>0x1bb</size>
         <input_file_ref idref="fl-a"/>
      </object_component>
      <object_component id="oc-1c4">
         <name>.debug_line</name>
         <load_address>0x5bb</load_address>
         <run_address>0x5bb</run_address>
         <size>0x143</size>
         <input_file_ref idref="fl-b"/>
      </object_component>
      <object_component id="oc-181">
         <name>.debug_line</name>
         <load_address>0x6fe</load_address>
         <run_address>0x6fe</run_address>
         <size>0x2d</size>
         <input_file_ref idref="fl-b"/>
      </object_component>
      <object_component id="oc-9d">
         <name>.debug_line</name>
         <load_address>0x72b</load_address>
         <run_address>0x72b</run_address>
         <size>0x4e</size>
         <input_file_ref idref="fl-b"/>
      </object_component>
      <object_component id="oc-c6">
         <name>.debug_line</name>
         <load_address>0x779</load_address>
         <run_address>0x779</run_address>
         <size>0x40</size>
         <input_file_ref idref="fl-c"/>
      </object_component>
      <object_component id="oc-70">
         <name>.debug_line</name>
         <load_address>0x7b9</load_address>
         <run_address>0x7b9</run_address>
         <size>0x40</size>
         <input_file_ref idref="fl-c"/>
      </object_component>
      <object_component id="oc-64">
         <name>.debug_line</name>
         <load_address>0x7f9</load_address>
         <run_address>0x7f9</run_address>
         <size>0x71</size>
         <input_file_ref idref="fl-c"/>
      </object_component>
      <object_component id="oc-1a4">
         <name>.debug_line</name>
         <load_address>0x86a</load_address>
         <run_address>0x86a</run_address>
         <size>0x3b</size>
         <input_file_ref idref="fl-d"/>
      </object_component>
      <object_component id="oc-b0">
         <name>.debug_line</name>
         <load_address>0x8a5</load_address>
         <run_address>0x8a5</run_address>
         <size>0x146</size>
         <input_file_ref idref="fl-d"/>
      </object_component>
      <object_component id="oc-1b6">
         <name>.debug_line</name>
         <load_address>0x9eb</load_address>
         <run_address>0x9eb</run_address>
         <size>0x47</size>
         <input_file_ref idref="fl-13"/>
      </object_component>
      <object_component id="oc-f8">
         <name>.debug_line</name>
         <load_address>0xa32</load_address>
         <run_address>0xa32</run_address>
         <size>0x41</size>
         <input_file_ref idref="fl-13"/>
      </object_component>
      <object_component id="oc-1ba">
         <name>.debug_line</name>
         <load_address>0xa73</load_address>
         <run_address>0xa73</run_address>
         <size>0x2e</size>
         <input_file_ref idref="fl-13"/>
      </object_component>
      <object_component id="oc-1b3">
         <name>.debug_line</name>
         <load_address>0xaa1</load_address>
         <run_address>0xaa1</run_address>
         <size>0x5e</size>
         <input_file_ref idref="fl-13"/>
      </object_component>
      <object_component id="oc-176">
         <name>.debug_line</name>
         <load_address>0xaff</load_address>
         <run_address>0xaff</run_address>
         <size>0x69</size>
         <input_file_ref idref="fl-13"/>
      </object_component>
      <object_component id="oc-1af">
         <name>.debug_line</name>
         <load_address>0xb68</load_address>
         <run_address>0xb68</run_address>
         <size>0x31</size>
         <input_file_ref idref="fl-15"/>
      </object_component>
      <object_component id="oc-1ad">
         <name>.debug_line</name>
         <load_address>0xb99</load_address>
         <run_address>0xb99</run_address>
         <size>0x2a</size>
         <input_file_ref idref="fl-15"/>
      </object_component>
      <object_component id="oc-f3">
         <name>.debug_line</name>
         <load_address>0xbc3</load_address>
         <run_address>0xbc3</run_address>
         <size>0x4e</size>
         <input_file_ref idref="fl-15"/>
      </object_component>
      <object_component id="oc-1bd">
         <name>.debug_line</name>
         <load_address>0xc11</load_address>
         <run_address>0xc11</run_address>
         <size>0x31</size>
         <input_file_ref idref="fl-1a"/>
      </object_component>
      <object_component id="oc-10b">
         <name>.debug_line</name>
         <load_address>0xc42</load_address>
         <run_address>0xc42</run_address>
         <size>0x45</size>
         <input_file_ref idref="fl-1a"/>
      </object_component>
      <object_component id="oc-fe">
         <name>.debug_line</name>
         <load_address>0xc87</load_address>
         <run_address>0xc87</run_address>
         <size>0x75</size>
         <input_file_ref idref="fl-1a"/>
      </object_component>
      <object_component id="oc-104">
         <name>.debug_line</name>
         <load_address>0xcfc</load_address>
         <run_address>0xcfc</run_address>
         <size>0x3f</size>
         <input_file_ref idref="fl-1a"/>
      </object_component>
      <object_component id="oc-1c1">
         <name>.debug_line</name>
         <load_address>0xd3b</load_address>
         <run_address>0xd3b</run_address>
         <size>0x2c</size>
         <input_file_ref idref="fl-1a"/>
      </object_component>
      <object_component id="oc-ec">
         <name>.debug_line</name>
         <load_address>0xd67</load_address>
         <run_address>0xd67</run_address>
         <size>0x42</size>
         <input_file_ref idref="fl-1b"/>
      </object_component>
      <object_component id="oc-91">
         <name>.debug_line</name>
         <load_address>0xda9</load_address>
         <run_address>0xda9</run_address>
         <size>0x79</size>
         <input_file_ref idref="fl-d2"/>
      </object_component>
      <object_component id="oc-e5">
         <name>.debug_line</name>
         <load_address>0xe22</load_address>
         <run_address>0xe22</run_address>
         <size>0x9e</size>
         <input_file_ref idref="fl-d3"/>
      </object_component>
      <object_component id="oc-46">
         <name>.debug_line</name>
         <load_address>0xec0</load_address>
         <run_address>0xec0</run_address>
         <size>0x4f</size>
         <input_file_ref idref="fl-d3"/>
      </object_component>
      <object_component id="oc-8a">
         <name>.debug_line</name>
         <load_address>0xf0f</load_address>
         <run_address>0xf0f</run_address>
         <size>0x34</size>
         <input_file_ref idref="fl-d3"/>
      </object_component>
      <object_component id="oc-e2">
         <name>.debug_line</name>
         <load_address>0xf43</load_address>
         <run_address>0xf43</run_address>
         <size>0x8a</size>
         <input_file_ref idref="fl-d3"/>
      </object_component>
      <object_component id="oc-85">
         <name>.debug_line</name>
         <load_address>0xfcd</load_address>
         <run_address>0xfcd</run_address>
         <size>0x20</size>
         <input_file_ref idref="fl-d4"/>
      </object_component>
      <object_component id="oc-1b">
         <name>.debug_line</name>
         <load_address>0xfed</load_address>
         <run_address>0xfed</run_address>
         <size>0x55</size>
         <input_file_ref idref="fl-d4"/>
      </object_component>
      <object_component id="oc-3c">
         <name>.debug_line</name>
         <load_address>0x1042</load_address>
         <run_address>0x1042</run_address>
         <size>0x3a</size>
         <input_file_ref idref="fl-d4"/>
      </object_component>
      <object_component id="oc-82">
         <name>.debug_line</name>
         <load_address>0x107c</load_address>
         <run_address>0x107c</run_address>
         <size>0x8a</size>
         <input_file_ref idref="fl-d4"/>
      </object_component>
      <object_component id="oc-de">
         <name>.debug_line</name>
         <load_address>0x1106</load_address>
         <run_address>0x1106</run_address>
         <size>0x20</size>
         <input_file_ref idref="fl-d5"/>
      </object_component>
      <object_component id="oc-11">
         <name>.debug_line</name>
         <load_address>0x1126</load_address>
         <run_address>0x1126</run_address>
         <size>0xa9</size>
         <input_file_ref idref="fl-d5"/>
      </object_component>
      <object_component id="oc-2c">
         <name>.debug_line</name>
         <load_address>0x11cf</load_address>
         <run_address>0x11cf</run_address>
         <size>0x3a</size>
         <input_file_ref idref="fl-d5"/>
      </object_component>
      <object_component id="oc-db">
         <name>.debug_line</name>
         <load_address>0x1209</load_address>
         <run_address>0x1209</run_address>
         <size>0x92</size>
         <input_file_ref idref="fl-d5"/>
      </object_component>
      <object_component id="oc-7b">
         <name>.debug_line</name>
         <load_address>0x129b</load_address>
         <run_address>0x129b</run_address>
         <size>0x8e</size>
         <input_file_ref idref="fl-d5"/>
      </object_component>
      <object_component id="oc-73">
         <name>.debug_line</name>
         <load_address>0x1329</load_address>
         <run_address>0x1329</run_address>
         <size>0x33</size>
         <input_file_ref idref="fl-db"/>
      </object_component>
      <object_component id="oc-56">
         <name>.debug_line</name>
         <load_address>0x135c</load_address>
         <run_address>0x135c</run_address>
         <size>0x56</size>
         <input_file_ref idref="fl-db"/>
      </object_component>
      <object_component id="oc-37">
         <name>.debug_line</name>
         <load_address>0x13b2</load_address>
         <run_address>0x13b2</run_address>
         <size>0x88</size>
         <input_file_ref idref="fl-dc"/>
      </object_component>
      <object_component id="oc-1d4">
         <name>.debug_line</name>
         <load_address>0x143a</load_address>
         <run_address>0x143a</run_address>
         <size>0xb7</size>
         <input_file_ref idref="fl-dd"/>
      </object_component>
      <object_component id="oc-123">
         <name>.debug_line</name>
         <load_address>0x14f1</load_address>
         <run_address>0x14f1</run_address>
         <size>0x6c</size>
         <input_file_ref idref="fl-dd"/>
      </object_component>
      <object_component id="oc-1d8">
         <name>.debug_line</name>
         <load_address>0x155d</load_address>
         <run_address>0x155d</run_address>
         <size>0x2e</size>
         <input_file_ref idref="fl-dd"/>
      </object_component>
      <object_component id="oc-1ec">
         <name>.debug_line</name>
         <load_address>0x158b</load_address>
         <run_address>0x158b</run_address>
         <size>0x92</size>
         <input_file_ref idref="fl-dd"/>
      </object_component>
      <object_component id="oc-1dd">
         <name>.debug_line</name>
         <load_address>0x161d</load_address>
         <run_address>0x161d</run_address>
         <size>0x8f</size>
         <input_file_ref idref="fl-dd"/>
      </object_component>
      <object_component id="oc-1e2">
         <name>.debug_line</name>
         <load_address>0x16ac</load_address>
         <run_address>0x16ac</run_address>
         <size>0x8b</size>
         <input_file_ref idref="fl-dd"/>
      </object_component>
      <object_component id="oc-97">
         <name>.debug_line</name>
         <load_address>0x1737</load_address>
         <run_address>0x1737</run_address>
         <size>0x40</size>
         <input_file_ref idref="fl-de"/>
      </object_component>
      <object_component id="oc-116">
         <name>.debug_line</name>
         <load_address>0x1777</load_address>
         <run_address>0x1777</run_address>
         <size>0x3c</size>
         <input_file_ref idref="fl-e0"/>
      </object_component>
      <object_component id="oc-cd">
         <name>.debug_line</name>
         <load_address>0x17b3</load_address>
         <run_address>0x17b3</run_address>
         <size>0x95</size>
         <input_file_ref idref="fl-106"/>
      </object_component>
      <object_component id="oc-75">
         <name>.debug_line</name>
         <load_address>0x1848</load_address>
         <run_address>0x1848</run_address>
         <size>0x2c</size>
         <input_file_ref idref="fl-106"/>
      </object_component>
      <object_component id="oc-d1">
         <name>.debug_line</name>
         <load_address>0x1874</load_address>
         <run_address>0x1874</run_address>
         <size>0x8a</size>
         <input_file_ref idref="fl-106"/>
      </object_component>
      <object_component id="oc-d6">
         <name>.debug_line</name>
         <load_address>0x18fe</load_address>
         <run_address>0x18fe</run_address>
         <size>0x2c</size>
         <input_file_ref idref="fl-106"/>
      </object_component>
      <object_component id="oc-1a5">
         <name>.debug_abbrev</name>
         <load_address>0x0</load_address>
         <run_address>0x0</run_address>
         <size>0xc8</size>
         <input_file_ref idref="fl-2"/>
      </object_component>
      <object_component id="oc-160">
         <name>.debug_abbrev</name>
         <load_address>0xc8</load_address>
         <run_address>0xc8</run_address>
         <size>0x97</size>
         <input_file_ref idref="fl-2"/>
      </object_component>
      <object_component id="oc-c9">
         <name>.debug_abbrev</name>
         <load_address>0x15f</load_address>
         <run_address>0x15f</run_address>
         <size>0x69</size>
         <input_file_ref idref="fl-2"/>
      </object_component>
      <object_component id="oc-15b">
         <name>.debug_abbrev</name>
         <load_address>0x1c8</load_address>
         <run_address>0x1c8</run_address>
         <size>0xbd</size>
         <input_file_ref idref="fl-2"/>
      </object_component>
      <object_component id="oc-1a9">
         <name>.debug_abbrev</name>
         <load_address>0x285</load_address>
         <run_address>0x285</run_address>
         <size>0x4b</size>
         <input_file_ref idref="fl-2"/>
      </object_component>
      <object_component id="oc-112">
         <name>.debug_abbrev</name>
         <load_address>0x2d0</load_address>
         <run_address>0x2d0</run_address>
         <size>0x1f</size>
         <input_file_ref idref="fl-2"/>
      </object_component>
      <object_component id="oc-165">
         <name>.debug_abbrev</name>
         <load_address>0x2ef</load_address>
         <run_address>0x2ef</run_address>
         <size>0x5c</size>
         <input_file_ref idref="fl-2"/>
      </object_component>
      <object_component id="oc-16a">
         <name>.debug_abbrev</name>
         <load_address>0x34b</load_address>
         <run_address>0x34b</run_address>
         <size>0x24</size>
         <input_file_ref idref="fl-2"/>
      </object_component>
      <object_component id="oc-bd">
         <name>.debug_abbrev</name>
         <load_address>0x36f</load_address>
         <run_address>0x36f</run_address>
         <size>0x24</size>
         <input_file_ref idref="fl-2"/>
      </object_component>
      <object_component id="oc-c2">
         <name>.debug_abbrev</name>
         <load_address>0x393</load_address>
         <run_address>0x393</run_address>
         <size>0x4b</size>
         <input_file_ref idref="fl-2"/>
      </object_component>
      <object_component id="oc-30">
         <name>.debug_abbrev</name>
         <load_address>0x3de</load_address>
         <run_address>0x3de</run_address>
         <size>0x1f</size>
         <input_file_ref idref="fl-4"/>
      </object_component>
      <object_component id="oc-157">
         <name>.debug_abbrev</name>
         <load_address>0x3fd</load_address>
         <run_address>0x3fd</run_address>
         <size>0x94</size>
         <input_file_ref idref="fl-a"/>
      </object_component>
      <object_component id="oc-ba">
         <name>.debug_abbrev</name>
         <load_address>0x491</load_address>
         <run_address>0x491</run_address>
         <size>0xaa</size>
         <input_file_ref idref="fl-a"/>
      </object_component>
      <object_component id="oc-1c3">
         <name>.debug_abbrev</name>
         <load_address>0x53b</load_address>
         <run_address>0x53b</run_address>
         <size>0xf2</size>
         <input_file_ref idref="fl-b"/>
      </object_component>
      <object_component id="oc-180">
         <name>.debug_abbrev</name>
         <load_address>0x62d</load_address>
         <run_address>0x62d</run_address>
         <size>0x29</size>
         <input_file_ref idref="fl-b"/>
      </object_component>
      <object_component id="oc-10f">
         <name>.debug_abbrev</name>
         <load_address>0x656</load_address>
         <run_address>0x656</run_address>
         <size>0x54</size>
         <input_file_ref idref="fl-b"/>
      </object_component>
      <object_component id="oc-c5">
         <name>.debug_abbrev</name>
         <load_address>0x6aa</load_address>
         <run_address>0x6aa</run_address>
         <size>0x7c</size>
         <input_file_ref idref="fl-c"/>
      </object_component>
      <object_component id="oc-6f">
         <name>.debug_abbrev</name>
         <load_address>0x726</load_address>
         <run_address>0x726</run_address>
         <size>0x29</size>
         <input_file_ref idref="fl-c"/>
      </object_component>
      <object_component id="oc-b1">
         <name>.debug_abbrev</name>
         <load_address>0x74f</load_address>
         <run_address>0x74f</run_address>
         <size>0x89</size>
         <input_file_ref idref="fl-c"/>
      </object_component>
      <object_component id="oc-1a3">
         <name>.debug_abbrev</name>
         <load_address>0x7d8</load_address>
         <run_address>0x7d8</run_address>
         <size>0x29</size>
         <input_file_ref idref="fl-d"/>
      </object_component>
      <object_component id="oc-156">
         <name>.debug_abbrev</name>
         <load_address>0x801</load_address>
         <run_address>0x801</run_address>
         <size>0x8b</size>
         <input_file_ref idref="fl-d"/>
      </object_component>
      <object_component id="oc-1b5">
         <name>.debug_abbrev</name>
         <load_address>0x88c</load_address>
         <run_address>0x88c</run_address>
         <size>0xe1</size>
         <input_file_ref idref="fl-13"/>
      </object_component>
      <object_component id="oc-179">
         <name>.debug_abbrev</name>
         <load_address>0x96d</load_address>
         <run_address>0x96d</run_address>
         <size>0x6c</size>
         <input_file_ref idref="fl-13"/>
      </object_component>
      <object_component id="oc-1b9">
         <name>.debug_abbrev</name>
         <load_address>0x9d9</load_address>
         <run_address>0x9d9</run_address>
         <size>0x49</size>
         <input_file_ref idref="fl-13"/>
      </object_component>
      <object_component id="oc-1b2">
         <name>.debug_abbrev</name>
         <load_address>0xa22</load_address>
         <run_address>0xa22</run_address>
         <size>0x97</size>
         <input_file_ref idref="fl-13"/>
      </object_component>
      <object_component id="oc-175">
         <name>.debug_abbrev</name>
         <load_address>0xab9</load_address>
         <run_address>0xab9</run_address>
         <size>0x35</size>
         <input_file_ref idref="fl-13"/>
      </object_component>
      <object_component id="oc-1ae">
         <name>.debug_abbrev</name>
         <load_address>0xaee</load_address>
         <run_address>0xaee</run_address>
         <size>0xb0</size>
         <input_file_ref idref="fl-15"/>
      </object_component>
      <object_component id="oc-1ac">
         <name>.debug_abbrev</name>
         <load_address>0xb9e</load_address>
         <run_address>0xb9e</run_address>
         <size>0x27</size>
         <input_file_ref idref="fl-15"/>
      </object_component>
      <object_component id="oc-172">
         <name>.debug_abbrev</name>
         <load_address>0xbc5</load_address>
         <run_address>0xbc5</run_address>
         <size>0x6c</size>
         <input_file_ref idref="fl-15"/>
      </object_component>
      <object_component id="oc-1bc">
         <name>.debug_abbrev</name>
         <load_address>0xc31</load_address>
         <run_address>0xc31</run_address>
         <size>0xb7</size>
         <input_file_ref idref="fl-1a"/>
      </object_component>
      <object_component id="oc-17f">
         <name>.debug_abbrev</name>
         <load_address>0xce8</load_address>
         <run_address>0xce8</run_address>
         <size>0x6c</size>
         <input_file_ref idref="fl-1a"/>
      </object_component>
      <object_component id="oc-17c">
         <name>.debug_abbrev</name>
         <load_address>0xd54</load_address>
         <run_address>0xd54</run_address>
         <size>0x6e</size>
         <input_file_ref idref="fl-1a"/>
      </object_component>
      <object_component id="oc-17e">
         <name>.debug_abbrev</name>
         <load_address>0xdc2</load_address>
         <run_address>0xdc2</run_address>
         <size>0x6c</size>
         <input_file_ref idref="fl-1a"/>
      </object_component>
      <object_component id="oc-1c0">
         <name>.debug_abbrev</name>
         <load_address>0xe2e</load_address>
         <run_address>0xe2e</run_address>
         <size>0x4b</size>
         <input_file_ref idref="fl-1a"/>
      </object_component>
      <object_component id="oc-16e">
         <name>.debug_abbrev</name>
         <load_address>0xe79</load_address>
         <run_address>0xe79</run_address>
         <size>0x5e</size>
         <input_file_ref idref="fl-1b"/>
      </object_component>
      <object_component id="oc-e6">
         <name>.debug_abbrev</name>
         <load_address>0xed7</load_address>
         <run_address>0xed7</run_address>
         <size>0x4f</size>
         <input_file_ref idref="fl-d2"/>
      </object_component>
      <object_component id="oc-e4">
         <name>.debug_abbrev</name>
         <load_address>0xf26</load_address>
         <run_address>0xf26</run_address>
         <size>0x73</size>
         <input_file_ref idref="fl-d3"/>
      </object_component>
      <object_component id="oc-92">
         <name>.debug_abbrev</name>
         <load_address>0xf99</load_address>
         <run_address>0xf99</run_address>
         <size>0x74</size>
         <input_file_ref idref="fl-d3"/>
      </object_component>
      <object_component id="oc-89">
         <name>.debug_abbrev</name>
         <load_address>0x100d</load_address>
         <run_address>0x100d</run_address>
         <size>0x24</size>
         <input_file_ref idref="fl-d3"/>
      </object_component>
      <object_component id="oc-e1">
         <name>.debug_abbrev</name>
         <load_address>0x1031</load_address>
         <run_address>0x1031</run_address>
         <size>0x24</size>
         <input_file_ref idref="fl-d3"/>
      </object_component>
      <object_component id="oc-84">
         <name>.debug_abbrev</name>
         <load_address>0x1055</load_address>
         <run_address>0x1055</run_address>
         <size>0x37</size>
         <input_file_ref idref="fl-d4"/>
      </object_component>
      <object_component id="oc-38">
         <name>.debug_abbrev</name>
         <load_address>0x108c</load_address>
         <run_address>0x108c</run_address>
         <size>0x74</size>
         <input_file_ref idref="fl-d4"/>
      </object_component>
      <object_component id="oc-3b">
         <name>.debug_abbrev</name>
         <load_address>0x1100</load_address>
         <run_address>0x1100</run_address>
         <size>0x24</size>
         <input_file_ref idref="fl-d4"/>
      </object_component>
      <object_component id="oc-81">
         <name>.debug_abbrev</name>
         <load_address>0x1124</load_address>
         <run_address>0x1124</run_address>
         <size>0x24</size>
         <input_file_ref idref="fl-d4"/>
      </object_component>
      <object_component id="oc-dd">
         <name>.debug_abbrev</name>
         <load_address>0x1148</load_address>
         <run_address>0x1148</run_address>
         <size>0x37</size>
         <input_file_ref idref="fl-d5"/>
      </object_component>
      <object_component id="oc-28">
         <name>.debug_abbrev</name>
         <load_address>0x117f</load_address>
         <run_address>0x117f</run_address>
         <size>0x6f</size>
         <input_file_ref idref="fl-d5"/>
      </object_component>
      <object_component id="oc-2b">
         <name>.debug_abbrev</name>
         <load_address>0x11ee</load_address>
         <run_address>0x11ee</run_address>
         <size>0x24</size>
         <input_file_ref idref="fl-d5"/>
      </object_component>
      <object_component id="oc-da">
         <name>.debug_abbrev</name>
         <load_address>0x1212</load_address>
         <run_address>0x1212</run_address>
         <size>0x35</size>
         <input_file_ref idref="fl-d5"/>
      </object_component>
      <object_component id="oc-7a">
         <name>.debug_abbrev</name>
         <load_address>0x1247</load_address>
         <run_address>0x1247</run_address>
         <size>0x24</size>
         <input_file_ref idref="fl-d5"/>
      </object_component>
      <object_component id="oc-72">
         <name>.debug_abbrev</name>
         <load_address>0x126b</load_address>
         <run_address>0x126b</run_address>
         <size>0x29</size>
         <input_file_ref idref="fl-db"/>
      </object_component>
      <object_component id="oc-a2">
         <name>.debug_abbrev</name>
         <load_address>0x1294</load_address>
         <run_address>0x1294</run_address>
         <size>0x61</size>
         <input_file_ref idref="fl-db"/>
      </object_component>
      <object_component id="oc-7e">
         <name>.debug_abbrev</name>
         <load_address>0x12f5</load_address>
         <run_address>0x12f5</run_address>
         <size>0x3e</size>
         <input_file_ref idref="fl-dc"/>
      </object_component>
      <object_component id="oc-1d3">
         <name>.debug_abbrev</name>
         <load_address>0x1333</load_address>
         <run_address>0x1333</run_address>
         <size>0xdb</size>
         <input_file_ref idref="fl-dd"/>
      </object_component>
      <object_component id="oc-18d">
         <name>.debug_abbrev</name>
         <load_address>0x140e</load_address>
         <run_address>0x140e</run_address>
         <size>0x7e</size>
         <input_file_ref idref="fl-dd"/>
      </object_component>
      <object_component id="oc-1d7">
         <name>.debug_abbrev</name>
         <load_address>0x148c</load_address>
         <run_address>0x148c</run_address>
         <size>0x24</size>
         <input_file_ref idref="fl-dd"/>
      </object_component>
      <object_component id="oc-1eb">
         <name>.debug_abbrev</name>
         <load_address>0x14b0</load_address>
         <run_address>0x14b0</run_address>
         <size>0x24</size>
         <input_file_ref idref="fl-dd"/>
      </object_component>
      <object_component id="oc-1dc">
         <name>.debug_abbrev</name>
         <load_address>0x14d4</load_address>
         <run_address>0x14d4</run_address>
         <size>0x24</size>
         <input_file_ref idref="fl-dd"/>
      </object_component>
      <object_component id="oc-1e1">
         <name>.debug_abbrev</name>
         <load_address>0x14f8</load_address>
         <run_address>0x14f8</run_address>
         <size>0x4b</size>
         <input_file_ref idref="fl-dd"/>
      </object_component>
      <object_component id="oc-e7">
         <name>.debug_abbrev</name>
         <load_address>0x1543</load_address>
         <run_address>0x1543</run_address>
         <size>0x55</size>
         <input_file_ref idref="fl-de"/>
      </object_component>
      <object_component id="oc-183">
         <name>.debug_abbrev</name>
         <load_address>0x1598</load_address>
         <run_address>0x1598</run_address>
         <size>0x45</size>
         <input_file_ref idref="fl-e0"/>
      </object_component>
      <object_component id="oc-cc">
         <name>.debug_abbrev</name>
         <load_address>0x15dd</load_address>
         <run_address>0x15dd</run_address>
         <size>0xcf</size>
         <input_file_ref idref="fl-106"/>
      </object_component>
      <object_component id="oc-74">
         <name>.debug_abbrev</name>
         <load_address>0x16ac</load_address>
         <run_address>0x16ac</run_address>
         <size>0x29</size>
         <input_file_ref idref="fl-106"/>
      </object_component>
      <object_component id="oc-d0">
         <name>.debug_abbrev</name>
         <load_address>0x16d5</load_address>
         <run_address>0x16d5</run_address>
         <size>0x24</size>
         <input_file_ref idref="fl-106"/>
      </object_component>
      <object_component id="oc-d5">
         <name>.debug_abbrev</name>
         <load_address>0x16f9</load_address>
         <run_address>0x16f9</run_address>
         <size>0x4b</size>
         <input_file_ref idref="fl-106"/>
      </object_component>
      <object_component id="oc-224">
         <name>.debug_abbrev</name>
         <load_address>0x1744</load_address>
         <run_address>0x1744</run_address>
         <size>0xf</size>
      </object_component>
      <object_component id="oc-162">
         <name>.debug_str</name>
         <load_address>0x0</load_address>
         <run_address>0x0</run_address>
         <size>0x484</size>
         <input_file_ref idref="fl-2"/>
      </object_component>
      <object_component id="oc-cb">
         <name>.debug_str</name>
         <load_address>0x484</load_address>
         <run_address>0x484</run_address>
         <size>0x2af</size>
         <input_file_ref idref="fl-2"/>
      </object_component>
      <object_component id="oc-15d">
         <name>.debug_str</name>
         <load_address>0x733</load_address>
         <run_address>0x733</run_address>
         <size>0x15c8</size>
         <input_file_ref idref="fl-2"/>
      </object_component>
      <object_component id="oc-1ab">
         <name>.debug_str</name>
         <load_address>0x1cfb</load_address>
         <run_address>0x1cfb</run_address>
         <size>0x342</size>
         <input_file_ref idref="fl-2"/>
      </object_component>
      <object_component id="oc-114">
         <name>.debug_str</name>
         <load_address>0x203d</load_address>
         <run_address>0x203d</run_address>
         <size>0xfa</size>
         <input_file_ref idref="fl-2"/>
      </object_component>
      <object_component id="oc-167">
         <name>.debug_str</name>
         <load_address>0x2137</load_address>
         <run_address>0x2137</run_address>
         <size>0x33e</size>
         <input_file_ref idref="fl-2"/>
      </object_component>
      <object_component id="oc-16c">
         <name>.debug_str</name>
[...]
            <logical_group_ref idref="lg-b"/>
         </contents>
      </load_segment>
      <load_segment id="lg-22a" display="no" color="cyan">
         <name>SEGMENT_2</name>
         <run_address>0x2000fe00</run_address>
         <size>0x200</size>
         <flags>0x6</flags>
         <contents>
            <logical_group_ref idref="lg-e"/>
         </contents>
      </load_segment>
   </logical_group_list>
   <placement_map>
      <memory_area display="yes" color="green">
         <name>MAIN</name>
         <page_id>0x0</page_id>
         <origin>0x0</origin>
         <length>0x40000</length>
         <used_space>0xba4</used_space>
         <unused_space>0x3f45c</unused_space>
         <attributes>RX</attributes>
         <usage_details>
            <allocated_space>
               <start_address>0x0</start_address>
               <size>0xe4</size>
               <logical_group_ref idref="lg-3"/>
            </allocated_space>
            <allocated_space>
               <start_address>0xe4</start_address>
               <size>0xa44</size>
               <logical_group_ref idref="lg-4"/>
            </allocated_space>
            <allocated_space>
               <start_address>0xb28</start_address>
               <size>0x24</size>
               <logical_group_ref idref="lg-5"/>
            </allocated_space>
            <available_space>
               <start_address>0xb4c</start_address>
               <size>0x4</size>
            </available_space>
            <allocated_space>
               <start_address>0xb50</start_address>
               <size>0x58</size>
               <logical_group_ref idref="lg-6"/>
            </allocated_space>
            <available_space>
               <start_address>0xba8</start_address>
               <size>0x3f458</size>
            </available_space>
         </usage_details>
      </memory_area>
      <memory_area display="yes" color="green">
         <name>INFO</name>
         <page_id>0x0</page_id>
         <origin>0x200000</origin>
         <length>0x4000</length>
         <used_space>0x0</used_space>
         <unused_space>0x4000</unused_space>
         <attributes>RX</attributes>
         <usage_details>
         </usage_details>
      </memory_area>
      <memory_area display="yes" color="green">
         <name>SRAM_CODE</name>
         <page_id>0x0</page_id>
         <origin>0x1000000</origin>
         <length>0x10000</length>
         <used_space>0x0</used_space>
         <unused_space>0x10000</unused_space>
         <attributes>RWX</attributes>
         <usage_details>
         </usage_details>
      </memory_area>
      <memory_area display="yes" color="green">
         <name>SRAM_DATA</name>
         <page_id>0x0</page_id>
         <origin>0x20000000</origin>
         <length>0x10000</length>
         <used_space>0x1a44</used_space>
         <unused_space>0xe5bc</unused_space>
         <attributes>RW</attributes>
         <usage_details>
            <allocated_space>
               <start_address>0x20000000</start_address>
               <size>0x1010</size>
               <logical_group_ref idref="lg-c"/>
            </allocated_space>
            <allocated_space>
               <start_address>0x20001010</start_address>
               <size>0x800</size>
               <logical_group_ref idref="lg-d"/>
            </allocated_space>
            <allocated_space>
               <start_address>0x20001810</start_address>
               <size>0x34</size>
               <logical_group_ref idref="lg-b"/>
            </allocated_space>
            <available_space>
               <start_address>0x20001844</start_address>
               <size>0xe5bc</size>
            </available_space>
            <allocated_space>
               <start_address>0x2000fe00</start_address>
               <size>0x200</size>
               <logical_group_ref idref="lg-e"/>
            </allocated_space>
         </usage_details>
      </memory_area>
   </placement_map>
   <cptbl_list>
      <cptbl>
         <name>__TI_cinit_table</name>
         <cprec>
            <name>.data</name>
            <load_address>0xb50</load_address>
            <load_size>0x2f</load_size>
            <run_address>0x20001810</run_address>
            <run_size>0x34</run_size>
            <compression>lzss</compression>
         </cprec>
         <cprec>
            <name>.bss</name>
            <load_address>0xb90</load_address>
            <load_size>0x8</load_size>
            <run_address>0x20000000</run_address>
            <run_size>0x1010</run_size>
            <compression>zero_init</compression>
         </cprec>
      </cptbl>
   </cptbl_list>
   <handler_table>
      <handler_table_name>__TI_handler_table</handler_table_name>
      <handler>
         <index>0x0</index>
         <name>__TI_decompress_lzss</name>
      </handler>
      <handler>
         <index>0x1</index>
         <name>__TI_decompress_none</name>
      </handler>
      <handler>
         <index>0x2</index>
         <name>__TI_zero_init</name>
      </handler>
   </handler_table>
   <symbol_table>
      <symbol id="sm-1">
         <name>WDTCTL_SYM</name>
         <value>0x4000480c</value>
      </symbol>
      <symbol id="sm-2">
         <name>__TI_CINIT_Base</name>
         <value>0xb98</value>
      </symbol>
      <symbol id="sm-3">
         <name>__TI_CINIT_Limit</name>
         <value>0xba8</value>
      </symbol>
      <symbol id="sm-4">
         <name>__TI_Handler_Table_Base</name>
         <value>0xb80</value>
      </symbol>
      <symbol id="sm-5">
         <name>__TI_Handler_Table_Limit</name>
         <value>0xb8c</value>
      </symbol>
      <symbol id="sm-6">
         <name>binit</name>
         <value>0xffffffff</value>
      </symbol>
      <symbol id="sm-7">
         <name>__binit__</name>
         <value>0xffffffff</value>
      </symbol>
      <symbol id="sm-8">
         <name>__STACK_SIZE</name>
         <value>0x200</value>
      </symbol>
      <symbol id="sm-9">
         <name>__STACK_END</name>
         <value>0x20010000</value>
      </symbol>
      <symbol id="sm-a">
         <name>__SYSMEM_SIZE</name>
         <value>0x800</value>
      </symbol>
      <symbol id="sm-b">
         <name>__c_args__</name>
         <value>0xffffffff</value>
      </symbol>
      <symbol id="sm-c">
         <name>__TI_pprof_out_hndl</name>
         <value>0xffffffff</value>
      </symbol>
      <symbol id="sm-d">
         <name>__TI_prof_data_start</name>
         <value>0xffffffff</value>
      </symbol>
      <symbol id="sm-e">
         <name>__TI_prof_data_size</name>
         <value>0xffffffff</value>
      </symbol>
      <symbol id="sm-a9">
         <name>UARTA0Data</name>
         <value>0x20000000</value>
      </symbol>
      <symbol id="sm-aa">
         <name>UARTA0ReadIndex</name>
         <value>0x20001000</value>
      </symbol>
      <symbol id="sm-ab">
         <name>UARTA0WriteIndex</name>
         <value>0x20001004</value>
      </symbol>
      <symbol id="sm-ac">
         <name>UARTA2Data</name>
         <value>0x20000800</value>
      </symbol>
      <symbol id="sm-ad">
         <name>UARTA2ReadIndex</name>
         <value>0x20001008</value>
      </symbol>
      <symbol id="sm-ae">
         <name>UARTA2WriteIndex</name>
         <value>0x2000100c</value>
      </symbol>
      <symbol id="sm-af">
         <name>UART_Available</name>
         <value>0x2cd</value>
         <object_component_ref idref="oc-69"/>
      </symbol>
      <symbol id="sm-b0">
         <name>UART_Read</name>
         <value>0x1d5</value>
         <object_component_ref idref="oc-69"/>
      </symbol>
      <symbol id="sm-b1">
         <name>EUSCIA2_IRQHandler</name>
         <value>0x3bd</value>
         <object_component_ref idref="oc-69"/>
      </symbol>
      <symbol id="sm-b2">
         <name>UART_Flush</name>
         <value>0x305</value>
         <object_component_ref idref="oc-69"/>
      </symbol>
      <symbol id="sm-b3">
         <name>UART_Write</name>
         <value>0x199</value>
         <object_component_ref idref="oc-69"/>
      </symbol>
      <symbol id="sm-b4">
         <name>EUSCIA0_IRQHandler</name>
         <value>0x339</value>
         <object_component_ref idref="oc-69"/>
      </symbol>
      <symbol id="sm-b5">
         <name>UART_Init</name>
         <value>0xe5</value>
         <object_component_ref idref="oc-69"/>
      </symbol>
      <symbol id="sm-cc">
         <name>uartConfig</name>
         <value>0xb28</value>
         <object_component_ref idref="oc-10c"/>
      </symbol>
      <symbol id="sm-cd">
         <name>main</name>
         <value>0xa55</value>
         <object_component_ref idref="oc-99"/>
      </symbol>
      <symbol id="sm-e2">
         <name>Reset_Handler</name>
         <value>0xafb</value>
         <object_component_ref idref="oc-63"/>
      </symbol>
      <symbol id="sm-e3">
         <name>Default_Handler</name>
         <value>0xb07</value>
         <object_component_ref idref="oc-63"/>
      </symbol>
      <symbol id="sm-e4">
         <name>interruptVectors</name>
         <value>0x0</value>
         <object_component_ref idref="oc-1f"/>
      </symbol>
      <symbol id="sm-12b">
         <name>SystemInit</name>
         <value>0x6c9</value>
         <object_component_ref idref="oc-ab"/>
      </symbol>
      <symbol id="sm-12c">
         <name>SystemCoreClockUpdate</name>
         <value>0x455</value>
         <object_component_ref idref="oc-ab"/>
      </symbol>
      <symbol id="sm-12d">
         <name>SystemCoreClock</name>
         <value>0x20001840</value>
         <object_component_ref idref="oc-153"/>
      </symbol>
      <symbol id="sm-14d">
         <name>CS_setDCOCenteredFrequency</name>
         <value>0xa8d</value>
         <object_component_ref idref="oc-f4"/>
      </symbol>
      <symbol id="sm-169">
         <name>GPIO_setAsPeripheralModuleFunctionInputPin</name>
         <value>0x991</value>
         <object_component_ref idref="oc-ee"/>
      </symbol>
      <symbol id="sm-19c">
         <name>UART_enableModule</name>
         <value>0xb09</value>
         <object_component_ref idref="oc-100"/>
      </symbol>
      <symbol id="sm-19d">
         <name>UART_transmitData</name>
         <value>0xab1</value>
         <object_component_ref idref="oc-106"/>
      </symbol>
      <symbol id="sm-19e">
         <name>UART_initModule</name>
         <value>0x819</value>
         <object_component_ref idref="oc-fa"/>
      </symbol>
      <symbol id="sm-1aa">
         <name>WDT_A_holdTimer</name>
         <value>0xad5</value>
         <object_component_ref idref="oc-e8"/>
      </symbol>
      <symbol id="sm-1ba">
         <name>__aeabi_memset</name>
         <value>0x8af</value>
         <object_component_ref idref="oc-8d"/>
      </symbol>
      <symbol id="sm-1bb">
         <name>memset</name>
         <value>0x8b5</value>
         <object_component_ref idref="oc-8d"/>
      </symbol>
      <symbol id="sm-1bc">
         <name>__aeabi_memset8</name>
         <value>0x8af</value>
         <object_component_ref idref="oc-8d"/>
      </symbol>
      <symbol id="sm-1bd">
         <name>__aeabi_memset4</name>
         <value>0x8af</value>
         <object_component_ref idref="oc-8d"/>
      </symbol>
      <symbol id="sm-1be">
         <name>__aeabi_memclr8</name>
         <value>0x8ad</value>
         <object_component_ref idref="oc-8d"/>
      </symbol>
      <symbol id="sm-1bf">
         <name>__aeabi_memclr4</name>
         <value>0x8ad</value>
         <object_component_ref idref="oc-8d"/>
      </symbol>
      <symbol id="sm-1c0">
         <name>__aeabi_memclr</name>
         <value>0x8ad</value>
         <object_component_ref idref="oc-8d"/>
      </symbol>
      <symbol id="sm-1d7">
         <name>__TI_zero_init</name>
         <value>0xb15</value>
         <object_component_ref idref="oc-45"/>
      </symbol>
      <symbol id="sm-1ee">
         <name>__TI_decompress_none</name>
         <value>0xaed</value>
         <object_component_ref idref="oc-16"/>
      </symbol>
      <symbol id="sm-211">
         <name>__TI_decompress_lzss</name>
         <value>0x927</value>
         <object_component_ref idref="oc-10"/>
      </symbol>
      <symbol id="sm-229">
         <name>__stack</name>
         <value>0x2000fe00</value>
         <object_component_ref idref="oc-22"/>
      </symbol>
      <symbol id="sm-22a">
         <name>_c_int00_noargs</name>
         <value>0xa1d</value>
         <object_component_ref idref="oc-51"/>
      </symbol>
      <symbol id="sm-245">
         <name>memcpy</name>
         <value>0x77d</value>
         <object_component_ref idref="oc-33"/>
      </symbol>
      <symbol id="sm-246">
         <name>__aeabi_memcpy</name>
         <value>0x77d</value>
         <object_component_ref idref="oc-33"/>
      </symbol>
      <symbol id="sm-247">
         <name>__aeabi_memcpy8</name>
         <value>0x77d</value>
         <object_component_ref idref="oc-33"/>
      </symbol>
      <symbol id="sm-248">
         <name>__aeabi_memcpy4</name>
         <value>0x77d</value>
         <object_component_ref idref="oc-33"/>
      </symbol>
      <symbol id="sm-270">
         <name>__TI_auto_init_nobinit_nopinit</name>
         <value>0x9d9</value>
         <object_component_ref idref="oc-121"/>
      </symbol>
      <symbol id="sm-27a">
         <name>_system_pre_init</name>
         <value>0xb21</value>
         <object_component_ref idref="oc-93"/>
      </symbol>
      <symbol id="sm-286">
         <name>C$$EXIT</name>
         <value>0xb25</value>
         <object_component_ref idref="oc-115"/>
      </symbol>
      <symbol id="sm-287">
         <name>abort</name>
         <value>0xb25</value>
         <object_component_ref idref="oc-115"/>
      </symbol>
      <symbol id="sm-2c1">
         <name>_sys_memory</name>
         <value>0x20001010</value>
         <object_component_ref idref="oc-25"/>
      </symbol>
      <symbol id="sm-2cb">
         <name>__TI_static_base__</name>
         <value>0x0</value>
      </symbol>
      <symbol id="sm-2ce">
         <name>__mpu_init</name>
         <value>0x0</value>
      </symbol>
      <symbol id="sm-2cf">
         <name>_system_post_cinit</name>
         <value>0x0</value>
      </symbol>
      <symbol id="sm-2d0">
         <name>NMI_Handler</name>
         <value>0xb07</value>
      </symbol>
      <symbol id="sm-2d1">
         <name>HardFault_Handler</name>
         <value>0xb07</value>
      </symbol>
      <symbol id="sm-2d2">
         <name>MemManage_Handler</name>
         <value>0xb07</value>
      </symbol>
      <symbol id="sm-2d3">
         <name>BusFault_Handler</name>
         <value>0xb07</value>
      </symbol>
      <symbol id="sm-2d4">
         <name>UsageFault_Handler</name>
         <value>0xb07</value>
      </symbol>
      <symbol id="sm-2d5">
         <name>SVC_Handler</name>
         <value>0xb07</value>
      </symbol>
      <symbol id="sm-2d6">
         <name>DebugMon_Handler</name>
         <value>0xb07</value>
      </symbol>
      <symbol id="sm-2d7">
         <name>PendSV_Handler</name>
         <value>0xb07</value>
      </symbol>
      <symbol id="sm-2d8">
         <name>SysTick_Handler</name>
         <value>0xb07</value>
      </symbol>
      <symbol id="sm-2d9">
         <name>PSS_IRQHandler</name>
         <value>0xb07</value>
      </symbol>
      <symbol id="sm-2da">
         <name>CS_IRQHandler</name>
         <value>0xb07</value>
      </symbol>
      <symbol id="sm-2db">
         <name>PCM_IRQHandler</name>
         <value>0xb07</value>
      </symbol>
      <symbol id="sm-2dc">
         <name>WDT_A_IRQHandler</name>
         <value>0xb07</value>
      </symbol>
      <symbol id="sm-2dd">
         <name>FPU_IRQHandler</name>
         <value>0xb07</value>
      </symbol>
      <symbol id="sm-2de">
         <name>FLCTL_IRQHandler</name>
         <value>0xb07</value>
      </symbol>
      <symbol id="sm-2df">
         <name>COMP_E0_IRQHandler</name>
         <value>0xb07</value>
      </symbol>
      <symbol id="sm-2e0">
         <name>COMP_E1_IRQHandler</name>
         <value>0xb07</value>
      </symbol>
      <symbol id="sm-2e1">
         <name>TA0_0_IRQHandler</name>
         <value>0xb07</value>
      </symbol>
      <symbol id="sm-2e2">
         <name>TA0_N_IRQHandler</name>
         <value>0xb07</value>
      </symbol>
      <symbol id="sm-2e3">
         <name>TA1_0_IRQHandler</name>
         <value>0xb07</value>
      </symbol>
      <symbol id="sm-2e4">
         <name>TA1_N_IRQHandler</name>
         <value>0xb07</value>
      </symbol>
      <symbol id="sm-2e5">
         <name>TA2_0_IRQHandler</name>
         <value>0xb07</value>
      </symbol>
      <symbol id="sm-2e6">
         <name>TA2_N_IRQHandler</name>
         <value>0xb07</value>
      </symbol>
      <symbol id="sm-2e7">
         <name>TA3_0_IRQHandler</name>
         <value>0xb07</value>
      </symbol>
      <symbol id="sm-2e8">
         <name>TA3_N_IRQHandler</name>
         <value>0xb07</value>
      </symbol>
      <symbol id="sm-2e9">
         <name>EUSCIA0_IRQHandler</name>
         <value>0x339</value>
      </symbol>
      <symbol id="sm-2ea">
         <name>EUSCIA1_IRQHandler</name>
         <value>0xb07</value>
      </symbol>
      <symbol id="sm-2eb">
         <name>EUSCIA2_IRQHandler</name>
         <value>0x3bd</value>
      </symbol>
      <symbol id="sm-2ec">
         <name>EUSCIA3_IRQHandler</name>
         <value>0xb07</value>
      </symbol>
      <symbol id="sm-2ed">
         <name>EUSCIB0_IRQHandler</name>
         <value>0xb07</value>
      </symbol>
      <symbol id="sm-2ee">
         <name>EUSCIB1_IRQHandler</name>
         <value>0xb07</value>
      </symbol>
      <symbol id="sm-2ef">
         <name>EUSCIB2_IRQHandler</name>
         <value>0xb07</value>
      </symbol>
      <symbol id="sm-2f0">
         <name>EUSCIB3_IRQHandler</name>
         <value>0xb07</value>
      </symbol>
      <symbol id="sm-2f1">
         <name>ADC14_IRQHandler</name>
         <value>0xb07</value>
      </symbol>
      <symbol id="sm-2f2">
         <name>T32_INT1_IRQHandler</name>
         <value>0xb07</value>
      </symbol>
      <symbol id="sm-2f3">
         <name>T32_INT2_IRQHandler</name>
         <value>0xb07</value>
      </symbol>
      <symbol id="sm-2f4">
         <name>T32_INTC_IRQHandler</name>
         <value>0xb07</value>
      </symbol>
      <symbol id="sm-2f5">
         <name>AES256_IRQHandler</name>
         <value>0xb07</value>
      </symbol>
      <symbol id="sm-2f6">
         <name>RTC_C_IRQHandler</name>
         <value>0xb07</value>
      </symbol>
      <symbol id="sm-2f7">
         <name>DMA_ERR_IRQHandler</name>
         <value>0xb07</value>
      </symbol>
      <symbol id="sm-2f8">
         <name>DMA_INT3_IRQHandler</name>
         <value>0xb07</value>
      </symbol>
      <symbol id="sm-2f9">
         <name>DMA_INT2_IRQHandler</name>
         <value>0xb07</value>
      </symbol>
      <symbol id="sm-2fa">
         <name>DMA_INT1_IRQHandler</name>
         <value>0xb07</value>
      </symbol>
      <symbol id="sm-2fb">
         <name>DMA_INT0_IRQHandler</name>
         <value>0xb07</value>
      </symbol>
      <symbol id="sm-2fc">
         <name>PORT1_IRQHandler</name>
         <value>0xb07</value>
      </symbol>
      <symbol id="sm-2fd">
         <name>PORT2_IRQHandler</name>
         <value>0xb07</value>
      </symbol>
      <symbol id="sm-2fe">
         <name>PORT3_IRQHandler</name>
         <value>0xb07</value>
      </symbol>
      <symbol id="sm-2ff">
         <name>PORT4_IRQHandler</name>
         <value>0xb07</value>
      </symbol>
      <symbol id="sm-300">
         <name>PORT5_IRQHandler</name>
         <value>0xb07</value>
      </symbol>
      <symbol id="sm-301">
         <name>PORT6_IRQHandler</name>
         <value>0xb07</value>
      </symbol>
   </symbol_table>
   <title>Link successful</title>
</link_info>
