******************************************************************************
                  TI ARM Linker PC v18.1.3                     
******************************************************************************
>> Linked Mon Dec  3 22:52:20 2018

OUTPUT FILE NAME:   <UART_Project.out>
ENTRY POINT SYMBOL: "_c_int00_noargs"  address: 00000a1d


MEMORY CONFIGURATION

         name            origin    length      used     unused   attr    fill
----------------------  --------  ---------  --------  --------  ----  --------
  MAIN                  00000000   00040000  00000ba4  0003f45c  R  X
  INFO                  00200000   00004000  00000000  00004000  R  X
  SRAM_CODE             01000000   00010000  00000000  00010000  RW X
  SRAM_DATA             20000000   00010000  00001a44  0000e5bc  RW  


SEGMENT ALLOCATION MAP

run origin  load origin   length   init length attrs members
----------  ----------- ---------- ----------- ----- -------
00000000    00000000    00000ba8   00000ba8    r-x
  00000000    00000000    000000e4   000000e4    r-- .intvecs
  000000e4    000000e4    00000a44   00000a44    r-x .text
  00000b28    00000b28    00000024   00000024    r-- .const
  00000b50    00000b50    00000058   00000058    r-- .cinit
20000000    20000000    00001844   00000000    rw-
  20000000    20000000    00001010   00000000    rw- .bss
  20001010    20001010    00000800   00000000    rw- .sysmem
  20001810    20001810    00000034   00000000    rw- .data
2000fe00    2000fe00    00000200   00000000    rw-
  2000fe00    2000fe00    00000200   00000000    rw- .stack


SECTION ALLOCATION MAP

 output                                  attributes/
section   page    origin      length       input sections
--------  ----  ----------  ----------   ----------------
.intvecs   0    00000000    000000e4     
                  00000000    000000e4     startup_msp432p401r_ccs.obj (.intvecs:retain)

.text      0    000000e4    00000a44     
                  000000e4    00000370     UART_Driver.obj (.text)
                  00000454    00000328     system_msp432p401r.obj (.text)
                  0000077c    0000009c     rtsv7M4_T_le_v4SPD16_eabi.lib : memcpy_t2.asm.obj (.text)
                  00000818    00000094     msp432p4xx_driverlib.lib : uart.o (.text:UART_initModule)
                  000008ac    0000007a     rtsv7M4_T_le_v4SPD16_eabi.lib : memset_t2.asm.obj (.text)
                  00000926    00000068                                   : copy_decompress_lzss.c.obj (.text:decompress:lzss:__TI_decompress_lzss)
                  0000098e    00000002     --HOLE-- [fill = 0]
                  00000990    00000048     msp432p4xx_driverlib.lib : gpio.o (.text:GPIO_setAsPeripheralModuleFunctionInputPin)
                  000009d8    00000044     rtsv7M4_T_le_v4SPD16_eabi.lib : autoinit.c.obj (.text:__TI_auto_init_nobinit_nopinit:__TI_auto_init_nobinit_nopinit)
                  00000a1c    00000038                                   : boot_cortex_m.c.obj (.text:_c_int00_noargs:_c_int00_noargs)
                  00000a54    00000038     main.obj (.text)
                  00000a8c    00000024     msp432p4xx_driverlib.lib : cs.o (.text:CS_setDCOCenteredFrequency)
                  00000ab0    00000024                              : uart.o (.text:UART_transmitData)
                  00000ad4    00000018                              : wdt_a.o (.text:WDT_A_holdTimer)
                  00000aec    0000000e     rtsv7M4_T_le_v4SPD16_eabi.lib : copy_decompress_none.c.obj (.text:decompress:none:__TI_decompress_none)
                  00000afa    0000000e     startup_msp432p401r_ccs.obj (.text)
                  00000b08    0000000c     msp432p4xx_driverlib.lib : uart.o (.text:UART_enableModule)
                  00000b14    0000000c     rtsv7M4_T_le_v4SPD16_eabi.lib : copy_zero_init.c.obj (.text:decompress:ZI:__TI_zero_init)
                  00000b20    00000004                                   : pre_init.c.obj (.text:_system_pre_init)
                  00000b24    00000004                                   : exit.c.obj (.text:abort:abort)

.const     0    00000b28    00000024     
                  00000b28    00000024     main.obj (.const:uartConfig)

.cinit     0    00000b50    00000058     
                  00000b50    0000002f     (.cinit..data.load) [load image, compression = lzss]
                  00000b7f    00000001     --HOLE-- [fill = 0]
                  00000b80    0000000c     (__TI_handler_table)
                  00000b8c    00000004     --HOLE-- [fill = 0]
                  00000b90    00000008     (.cinit..bss.load) [load image, compression = zero_init]
                  00000b98    00000010     (__TI_cinit_table)

.init_array 
*          0    00000000    00000000     UNINITIALIZED

.bss       0    20000000    00001010     UNINITIALIZED
                  20000000    00000800     (.common:UARTA0Data)
                  20000800    00000800     (.common:UARTA2Data)
                  20001000    00000004     (.common:UARTA0ReadIndex)
                  20001004    00000004     (.common:UARTA0WriteIndex)
                  20001008    00000004     (.common:UARTA2ReadIndex)
                  2000100c    00000004     (.common:UARTA2WriteIndex)

.sysmem    0    20001010    00000800     UNINITIALIZED
                  20001010    00000008     rtsv7M4_T_le_v4SPD16_eabi.lib : memory.c.obj (.sysmem)
                  20001018    000007f8     --HOLE--

.data      0    20001810    00000034     UNINITIALIZED
                  20001810    00000030     msp432p4xx_driverlib.lib : gpio.o (.data:GPIO_PORT_TO_BASE)
                  20001840    00000004     system_msp432p401r.obj (.data)

.stack     0    2000fe00    00000200     UNINITIALIZED
                  2000fe00    00000004     rtsv7M4_T_le_v4SPD16_eabi.lib : boot_cortex_m.c.obj (.stack)
                  2000fe04    000001fc     --HOLE--

MODULE SUMMARY

       Module                        code   ro data   rw data
       ------                        ----   -------   -------
    .\
       UART_Driver.obj               880    0         4112   
       system_msp432p401r.obj        808    0         4      
       startup_msp432p401r_ccs.obj   14     228       0      
       main.obj                      56     36        0      
    +--+-----------------------------+------+---------+---------+
       Total:                        1758   264       4116   
                                                             
    C:/ti/msp/MSP432Ware_3_50_00_02/driverlib/driverlib/MSP432P4xx/ccs/msp432p4xx_driverlib.lib
       uart.o                        196    0         0      
       gpio.o                        72     0         48     
       cs.o                          36     0         0      
       wdt_a.o                       24     0         0      
    +--+-----------------------------+------+---------+---------+
       Total:                        328    0         48     
                                                             
    C:\ti\ccsv8\tools\compiler\ti-cgt-arm_18.1.3.LTS\lib\rtsv7M4_T_le_v4SPD16_eabi.lib
       memcpy_t2.asm.obj             156    0         0      
       memset_t2.asm.obj             122    0         0      
       copy_decompress_lzss.c.obj    104    0         0      
       autoinit.c.obj                68     0         0      
       boot_cortex_m.c.obj           56     0         0      
       copy_decompress_none.c.obj    14     0         0      
       copy_zero_init.c.obj          12     0         0      
       exit.c.obj                    4      0         0      
       pre_init.c.obj                4      0         0      
    +--+-----------------------------+------+---------+---------+
       Total:                        540    0         0      
                                                             
       Heap:                         0      0         2048   
       Stack:                        0      0         512    
       Linker Generated:             0      83        0      
    +--+-----------------------------+------+---------+---------+
       Grand Total:                  2626   347       6724   


LINKER GENERATED COPY TABLES

__TI_cinit_table @ 00000b98 records: 2, size/record: 8, table size: 16
	.data: load addr=00000b50, load size=0000002f bytes, run addr=20001810, run size=00000034 bytes, compression=lzss
	.bss: load addr=00000b90, load size=00000008 bytes, run addr=20000000, run size=00001010 bytes, compression=zero_init


LINKER GENERATED HANDLER TABLE

__TI_handler_table @ 00000b80 records: 3, size/record: 4, table size: 12
	index: 0, handler: __TI_decompress_lzss
	index: 1, handler: __TI_decompress_none
	index: 2, handler: __TI_zero_init


GLOBAL SYMBOLS: SORTED ALPHABETICALLY BY Name 

address   name                                      
-------   ----                                      
00000b07  ADC14_IRQHandler                          
00000b07  AES256_IRQHandler                         
00000b07  BusFault_Handler                          
00000b25  C$$EXIT                                   
00000b07  COMP_E0_IRQHandler                        
00000b07  COMP_E1_IRQHandler                        
00000b07  CS_IRQHandler                             
00000a8d  CS_setDCOCenteredFrequency                
00000b07  DMA_ERR_IRQHandler                        
00000b07  DMA_INT0_IRQHandler                       
00000b07  DMA_INT1_IRQHandler                       
00000b07  DMA_INT2_IRQHandler                       
00000b07  DMA_INT3_IRQHandler                       
00000b07  DebugMon_Handler                          
00000b07  Default_Handler                           
00000339  EUSCIA0_IRQHandler                        
00000339  EUSCIA0_IRQHandler                        
00000b07  EUSCIA1_IRQHandler                        
000003bd  EUSCIA2_IRQHandler                        
000003bd  EUSCIA2_IRQHandler                        
00000b07  EUSCIA3_IRQHandler                        
00000b07  EUSCIB0_IRQHandler                        
00000b07  EUSCIB1_IRQHandler                        
00000b07  EUSCIB2_IRQHandler                        
00000b07  EUSCIB3_IRQHandler                        
00000b07  FLCTL_IRQHandler                          
00000b07  FPU_IRQHandler                            
00000991  GPIO_setAsPeripheralModuleFunctionInputPin
00000b07  HardFault_Handler                         
00000b07  MemManage_Handler                         
00000b07  NMI_Handler                               
00000b07  PCM_IRQHandler                            
00000b07  PORT1_IRQHandler                          
00000b07  PORT2_IRQHandler                          
00000b07  PORT3_IRQHandler                          
00000b07  PORT4_IRQHandler                          
00000b07  PORT5_IRQHandler                          
00000b07  PORT6_IRQHandler                          
00000b07  PSS_IRQHandler                            
00000b07  PendSV_Handler                            
00000b07  RTC_C_IRQHandler                          
00000afb  Reset_Handler                             
00000b07  SVC_Handler                               
00000b07  SysTick_Handler                           
20001840  SystemCoreClock                           
00000455  SystemCoreClockUpdate                     
000006c9  SystemInit                                
00000b07  T32_INT1_IRQHandler                       
00000b07  T32_INT2_IRQHandler                       
00000b07  T32_INTC_IRQHandler                       
00000b07  TA0_0_IRQHandler                          
00000b07  TA0_N_IRQHandler                          
00000b07  TA1_0_IRQHandler                          
00000b07  TA1_N_IRQHandler                          
00000b07  TA2_0_IRQHandler                          
00000b07  TA2_N_IRQHandler                          
00000b07  TA3_0_IRQHandler                          
00000b07  TA3_N_IRQHandler                          
20000000  UARTA0Data                                
20001000  UARTA0ReadIndex                           
20001004  UARTA0WriteIndex                          
20000800  UARTA2Data                                
20001008  UARTA2ReadIndex                           
2000100c  UARTA2WriteIndex                          
000002cd  UART_Available                            
00000305  UART_Flush                                
000000e5  UART_Init                                 
000001d5  UART_Read                                 
00000199  UART_Write                                
00000b09  UART_enableModule                         
00000819  UART_initModule                           
00000ab1  UART_transmitData                         
00000b07  UsageFault_Handler                        
4000480c  WDTCTL_SYM                                
00000b07  WDT_A_IRQHandler                          
00000ad5  WDT_A_holdTimer                           
20010000  __STACK_END                               
00000200  __STACK_SIZE                              
00000800  __SYSMEM_SIZE                             
00000b98  __TI_CINIT_Base                           
00000ba8  __TI_CINIT_Limit                          
00000b80  __TI_Handler_Table_Base                   
00000b8c  __TI_Handler_Table_Limit                  
000009d9  __TI_auto_init_nobinit_nopinit            
00000927  __TI_decompress_lzss                      
00000aed  __TI_decompress_none                      
ffffffff  __TI_pprof_out_hndl                       
ffffffff  __TI_prof_data_size                       
ffffffff  __TI_prof_data_start                      
00000000  __TI_static_base__                        
00000b15  __TI_zero_init                            
000008ad  __aeabi_memclr                            
000008ad  __aeabi_memclr4                           
000008ad  __aeabi_memclr8                           
0000077d  __aeabi_memcpy                            
0000077d  __aeabi_memcpy4                           
0000077d  __aeabi_memcpy8                           
000008af  __aeabi_memset                            
000008af  __aeabi_memset4                           
000008af  __aeabi_memset8                           
ffffffff  __binit__                                 
ffffffff  __c_args__                                
UNDEFED   __mpu_init                                
2000fe00  __stack                                   
00000a1d  _c_int00_noargs                           
20001010  _sys_memory                               
UNDEFED   _system_post_cinit                        
00000b21  _system_pre_init                          
00000b25  abort                                     
ffffffff  binit                                     
00000000  interruptVectors                          
00000a55  main                                      
0000077d  memcpy                                    
000008b5  memset                                    
00000b28  uartConfig                                


GLOBAL SYMBOLS: SORTED BY Symbol Address 

address   name                                      
-------   ----                                      
00000000  __TI_static_base__                        
00000000  interruptVectors                          
000000e5  UART_Init                                 
00000199  UART_Write                                
000001d5  UART_Read                                 
00000200  __STACK_SIZE                              
000002cd  UART_Available                            
00000305  UART_Flush                                
00000339  EUSCIA0_IRQHandler                        
00000339  EUSCIA0_IRQHandler                        
000003bd  EUSCIA2_IRQHandler                        
000003bd  EUSCIA2_IRQHandler                        
00000455  SystemCoreClockUpdate                     
000006c9  SystemInit                                
0000077d  __aeabi_memcpy                            
0000077d  __aeabi_memcpy4                           
0000077d  __aeabi_memcpy8                           
0000077d  memcpy                                    
00000800  __SYSMEM_SIZE                             
00000819  UART_initModule                           
000008ad  __aeabi_memclr                            
000008ad  __aeabi_memclr4                           
000008ad  __aeabi_memclr8                           
000008af  __aeabi_memset                            
000008af  __aeabi_memset4                           
000008af  __aeabi_memset8                           
000008b5  memset                                    
00000927  __TI_decompress_lzss                      
00000991  GPIO_setAsPeripheralModuleFunctionInputPin
000009d9  __TI_auto_init_nobinit_nopinit            
00000a1d  _c_int00_noargs                           
00000a55  main                                      
00000a8d  CS_setDCOCenteredFrequency                
00000ab1  UART_transmitData                         
00000ad5  WDT_A_holdTimer                           
00000aed  __TI_decompress_none                      
00000afb  Reset_Handler                             
00000b07  ADC14_IRQHandler                          
00000b07  AES256_IRQHandler                         
00000b07  BusFault_Handler                          
00000b07  COMP_E0_IRQHandler                        
00000b07  COMP_E1_IRQHandler                        
00000b07  CS_IRQHandler                             
00000b07  DMA_ERR_IRQHandler                        
00000b07  DMA_INT0_IRQHandler                       
00000b07  DMA_INT1_IRQHandler                       
00000b07  DMA_INT2_IRQHandler                       
00000b07  DMA_INT3_IRQHandler                       
00000b07  DebugMon_Handler                          
00000b07  Default_Handler                           
00000b07  EUSCIA1_IRQHandler                        
00000b07  EUSCIA3_IRQHandler                        
00000b07  EUSCIB0_IRQHandler                        
00000b07  EUSCIB1_IRQHandler                        
00000b07  EUSCIB2_IRQHandler                        
00000b07  EUSCIB3_IRQHandler                        
00000b07  FLCTL_IRQHandler                          
00000b07  FPU_IRQHandler                            
00000b07  HardFault_Handler                         
00000b07  MemManage_Handler                         
00000b07  NMI_Handler                               
00000b07  PCM_IRQHandler                            
00000b07  PORT1_IRQHandler                          
00000b07  PORT2_IRQHandler                          
00000b07  PORT3_IRQHandler                          
00000b07  PORT4_IRQHandler                          
00000b07  PORT5_IRQHandler                          
00000b07  PORT6_IRQHandler                          
00000b07  PSS_IRQHandler                            
00000b07  PendSV_Handler                            
00000b07  RTC_C_IRQHandler                          
00000b07  SVC_Handler                               
00000b07  SysTick_Handler                           
00000b07  T32_INT1_IRQHandler                       
00000b07  T32_INT2_IRQHandler                       
00000b07  T32_INTC_IRQHandler                       
00000b07  TA0_0_IRQHandler                          
00000b07  TA0_N_IRQHandler                          
00000b07  TA1_0_IRQHandler                          
00000b07  TA1_N_IRQHandler                          
00000b07  TA2_0_IRQHandler                          
00000b07  TA2_N_IRQHandler                          
00000b07  TA3_0_IRQHandler                          
00000b07  TA3_N_IRQHandler                          
00000b07  UsageFault_Handler                        
00000b07  WDT_A_IRQHandler                          
00000b09  UART_enableModule                         
00000b15  __TI_zero_init                            
00000b21  _system_pre_init                          
00000b25  C$$EXIT                                   
00000b25  abort                                     
00000b28  uartConfig                                
00000b80  __TI_Handler_Table_Base                   
00000b8c  __TI_Handler_Table_Limit                  
00000b98  __TI_CINIT_Base                           
00000ba8  __TI_CINIT_Limit                          
20000000  UARTA0Data                                
20000800  UARTA2Data                                
20001000  UARTA0ReadIndex                           
20001004  UARTA0WriteIndex                          
20001008  UARTA2ReadIndex                           
2000100c  UARTA2WriteIndex                          
20001010  _sys_memory                               
20001840  SystemCoreClock                           
2000fe00  __stack                                   
20010000  __STACK_END                               
4000480c  WDTCTL_SYM                                
ffffffff  __TI_pprof_out_hndl                       
ffffffff  __TI_prof_data_size                       
ffffffff  __TI_prof_data_start                      
ffffffff  __binit__                                 
ffffffff  __c_args__                                
ffffffff  binit                                     
UNDEFED   __mpu_init                                
UNDEFED   _system_post_cinit                        

[115 symbols]
